Archive member included to satisfy reference by file (symbol)

c:/intelfpga/18.1/nios2eds/bin/gnu/h-x86_64-mingw32/bin/../lib/gcc/nios2-elf/5.3.0\libgcc.a(lib2-divmod.o)
                              obj/default/drivers/drivers.o (__divsi3)
c:/intelfpga/18.1/nios2eds/bin/gnu/h-x86_64-mingw32/bin/../lib/gcc/nios2-elf/5.3.0\libgcc.a(fixsfsi.o)
                              obj/default/drivers/drivers.o (__fixsfsi)
c:/intelfpga/18.1/nios2eds/bin/gnu/h-x86_64-mingw32/bin/../lib/gcc/nios2-elf/5.3.0/../../../../../H-x86_64-mingw32/nios2-elf/lib\libc.a(lib_a-malloc.o)
                              obj/default/graphic_lib/draw_gimps.o (malloc)
c:/intelfpga/18.1/nios2eds/bin/gnu/h-x86_64-mingw32/bin/../lib/gcc/nios2-elf/5.3.0/../../../../../H-x86_64-mingw32/nios2-elf/lib\libc.a(lib_a-mallocr.o)
                              c:/intelfpga/18.1/nios2eds/bin/gnu/h-x86_64-mingw32/bin/../lib/gcc/nios2-elf/5.3.0/../../../../../H-x86_64-mingw32/nios2-elf/lib\libc.a(lib_a-malloc.o) (_malloc_r)
c:/intelfpga/18.1/nios2eds/bin/gnu/h-x86_64-mingw32/bin/../lib/gcc/nios2-elf/5.3.0/../../../../../H-x86_64-mingw32/nios2-elf/lib\libc.a(lib_a-memcpy.o)
                              obj/default/graphic_lib/draw_gimps.o (memcpy)
c:/intelfpga/18.1/nios2eds/bin/gnu/h-x86_64-mingw32/bin/../lib/gcc/nios2-elf/5.3.0/../../../../../H-x86_64-mingw32/nios2-elf/lib\libc.a(lib_a-memset.o)
                              obj/default/vip_fr.o (memset)
c:/intelfpga/18.1/nios2eds/bin/gnu/h-x86_64-mingw32/bin/../lib/gcc/nios2-elf/5.3.0/../../../../../H-x86_64-mingw32/nios2-elf/lib\libc.a(lib_a-printf.o)
                              obj/default/graphic_lib/draw_gimps.o (printf)
c:/intelfpga/18.1/nios2eds/bin/gnu/h-x86_64-mingw32/bin/../lib/gcc/nios2-elf/5.3.0/../../../../../H-x86_64-mingw32/nios2-elf/lib\libc.a(lib_a-sbrkr.o)
                              c:/intelfpga/18.1/nios2eds/bin/gnu/h-x86_64-mingw32/bin/../lib/gcc/nios2-elf/5.3.0/../../../../../H-x86_64-mingw32/nios2-elf/lib\libc.a(lib_a-mallocr.o) (_sbrk_r)
c:/intelfpga/18.1/nios2eds/bin/gnu/h-x86_64-mingw32/bin/../lib/gcc/nios2-elf/5.3.0/../../../../../H-x86_64-mingw32/nios2-elf/lib\libc.a(lib_a-strcpy.o)
                              obj/default/graphic_lib/simple_graphics.o (strcpy)
c:/intelfpga/18.1/nios2eds/bin/gnu/h-x86_64-mingw32/bin/../lib/gcc/nios2-elf/5.3.0/../../../../../H-x86_64-mingw32/nios2-elf/lib\libc.a(lib_a-strlen.o)
                              obj/default/graphic_lib/simple_graphics.o (strlen)
c:/intelfpga/18.1/nios2eds/bin/gnu/h-x86_64-mingw32/bin/../lib/gcc/nios2-elf/5.3.0/../../../../../H-x86_64-mingw32/nios2-elf/lib\libc.a(lib_a-vfprintf.o)
                              c:/intelfpga/18.1/nios2eds/bin/gnu/h-x86_64-mingw32/bin/../lib/gcc/nios2-elf/5.3.0/../../../../../H-x86_64-mingw32/nios2-elf/lib\libc.a(lib_a-printf.o) (___vfprintf_internal_r)
c:/intelfpga/18.1/nios2eds/bin/gnu/h-x86_64-mingw32/bin/../lib/gcc/nios2-elf/5.3.0/../../../../../H-x86_64-mingw32/nios2-elf/lib\libc.a(lib_a-wsetup.o)
                              c:/intelfpga/18.1/nios2eds/bin/gnu/h-x86_64-mingw32/bin/../lib/gcc/nios2-elf/5.3.0/../../../../../H-x86_64-mingw32/nios2-elf/lib\libc.a(lib_a-vfprintf.o) (__swsetup_r)
c:/intelfpga/18.1/nios2eds/bin/gnu/h-x86_64-mingw32/bin/../lib/gcc/nios2-elf/5.3.0/../../../../../H-x86_64-mingw32/nios2-elf/lib\libc.a(lib_a-dtoa.o)
                              c:/intelfpga/18.1/nios2eds/bin/gnu/h-x86_64-mingw32/bin/../lib/gcc/nios2-elf/5.3.0/../../../../../H-x86_64-mingw32/nios2-elf/lib\libc.a(lib_a-vfprintf.o) (_dtoa_r)
c:/intelfpga/18.1/nios2eds/bin/gnu/h-x86_64-mingw32/bin/../lib/gcc/nios2-elf/5.3.0/../../../../../H-x86_64-mingw32/nios2-elf/lib\libc.a(lib_a-fflush.o)
                              c:/intelfpga/18.1/nios2eds/bin/gnu/h-x86_64-mingw32/bin/../lib/gcc/nios2-elf/5.3.0/../../../../../H-x86_64-mingw32/nios2-elf/lib\libc.a(lib_a-vfprintf.o) (_fflush_r)
c:/intelfpga/18.1/nios2eds/bin/gnu/h-x86_64-mingw32/bin/../lib/gcc/nios2-elf/5.3.0/../../../../../H-x86_64-mingw32/nios2-elf/lib\libc.a(lib_a-findfp.o)
                              c:/intelfpga/18.1/nios2eds/bin/gnu/h-x86_64-mingw32/bin/../lib/gcc/nios2-elf/5.3.0/../../../../../H-x86_64-mingw32/nios2-elf/lib\libc.a(lib_a-vfprintf.o) (__sinit)
c:/intelfpga/18.1/nios2eds/bin/gnu/h-x86_64-mingw32/bin/../lib/gcc/nios2-elf/5.3.0/../../../../../H-x86_64-mingw32/nios2-elf/lib\libc.a(lib_a-freer.o)
                              c:/intelfpga/18.1/nios2eds/bin/gnu/h-x86_64-mingw32/bin/../lib/gcc/nios2-elf/5.3.0/../../../../../H-x86_64-mingw32/nios2-elf/lib\libc.a(lib_a-malloc.o) (_free_r)
c:/intelfpga/18.1/nios2eds/bin/gnu/h-x86_64-mingw32/bin/../lib/gcc/nios2-elf/5.3.0/../../../../../H-x86_64-mingw32/nios2-elf/lib\libc.a(lib_a-fwalk.o)
                              c:/intelfpga/18.1/nios2eds/bin/gnu/h-x86_64-mingw32/bin/../lib/gcc/nios2-elf/5.3.0/../../../../../H-x86_64-mingw32/nios2-elf/lib\libc.a(lib_a-findfp.o) (_fwalk)
[...]
Memory Configuration

Name             Origin             Length             Attributes
reset            0x0000000004000000 0x0000000000000020
sdram_BEFORE_EXCEPTION 0x0000000004000020 0x000000000057e400
sdram            0x000000000457e420 0x0000000003a81be0
*default*        0x0000000000000000 0xffffffffffffffff

Linker script and memory map

LOAD ../os_bsp//obj/HAL/src/crt0.o
LOAD obj/default/drivers/drivers.o
LOAD obj/default/fonts/tahomabold_20.o
LOAD obj/default/fonts/tahomabold_32.o
LOAD obj/default/frame.o
LOAD obj/default/graphic_lib/draw_gimps.o
LOAD obj/default/graphic_lib/gimp_bmp.o
LOAD obj/default/graphic_lib/simple_graphics.o
LOAD obj/default/graphic_lib/simple_text.o
LOAD obj/default/hello_ucosii.o
LOAD obj/default/imagenes/back_down.o
LOAD obj/default/imagenes/back_up.o
LOAD obj/default/imagenes/ford_down.o
LOAD obj/default/imagenes/ford_up.o
LOAD obj/default/imagenes/pause_down.o
LOAD obj/default/imagenes/pause_up.o
LOAD obj/default/imagenes/play_down.o
LOAD obj/default/imagenes/play_up.o
LOAD obj/default/imagenes/stop_down.o
LOAD obj/default/imagenes/stop_up.o
LOAD obj/default/song/song0.o
LOAD obj/default/song/song1.o
LOAD obj/default/song/song2.o
LOAD obj/default/student_code/student_code.o
LOAD obj/default/vip_fr.o
LOAD c:/intelfpga/18.1/nios2eds/bin/gnu/h-x86_64-mingw32/bin/../lib/gcc/nios2-elf/5.3.0/../../../../../H-x86_64-mingw32/nios2-elf/lib\libstdc++.a
LOAD c:/intelfpga/18.1/nios2eds/bin/gnu/h-x86_64-mingw32/bin/../lib/gcc/nios2-elf/5.3.0/../../../../../H-x86_64-mingw32/nios2-elf/lib\libm.a
LOAD c:/intelfpga/18.1/nios2eds/bin/gnu/h-x86_64-mingw32/bin/../lib/gcc/nios2-elf/5.3.0\libgcc.a
START GROUP
LOAD c:/intelfpga/18.1/nios2eds/bin/gnu/h-x86_64-mingw32/bin/../lib/gcc/nios2-elf/5.3.0/../../../../../H-x86_64-mingw32/nios2-elf/lib\libc.a
LOAD c:/intelfpga/18.1/nios2eds/bin/gnu/h-x86_64-mingw32/bin/../lib/gcc/nios2-elf/5.3.0\libgcc.a
LOAD ../os_bsp/\libucosii_bsp.a
LOAD c:/intelfpga/18.1/nios2eds/bin/gnu/h-x86_64-mingw32/bin/../lib/gcc/nios2-elf/5.3.0/../../../../../H-x86_64-mingw32/nios2-elf/lib\libm.a
END GROUP
LOAD c:/intelfpga/18.1/nios2eds/bin/gnu/h-x86_64-mingw32/bin/../lib/gcc/nios2-elf/5.3.0\libgcc.a
                0x0000000004000000                __alt_mem_sdram = 0x4000000

.entry          0x0000000004000000       0x20
 *(.entry)
 .entry         0x0000000004000000       0x20 ../os_bsp//obj/HAL/src/crt0.o
                0x0000000004000000                __reset

.exceptions     0x000000000457e420      0x144
                0x000000000457e420                PROVIDE (__ram_exceptions_start, ABSOLUTE (.))
                0x000000000457e420                . = ALIGN (0x20)
 *(.irq)
 *(.exceptions.entry.label)
 .exceptions.entry.label
                0x000000000457e420        0x0 ../os_bsp/\libucosii_bsp.a(alt_irq_entry.o)
                0x000000000457e420                alt_irq_entry
 .exceptions.entry.label
                0x000000000457e420        0x0 ../os_bsp/\libucosii_bsp.a(alt_exception_entry.o)
                0x000000000457e420                alt_exception
 *(.exceptions.entry.user)
 *(.exceptions.entry.ecc_fatal)
 *(.exceptions.entry)
 .exceptions.entry
                0x000000000457e420       0x54 ../os_bsp/\libucosii_bsp.a(alt_exception_entry.o)
 *(.exceptions.irqtest.user)
 *(.exceptions.irqtest)
 .exceptions.irqtest
                0x000000000457e474       0x10 ../os_bsp/\libucosii_bsp.a(alt_irq_entry.o)
 *(.exceptions.irqhandler.user)
 *(.exceptions.irqhandler)
 .exceptions.irqhandler
                0x000000000457e484        0x4 ../os_bsp/\libucosii_bsp.a(alt_irq_entry.o)
 *(.exceptions.irqreturn.user)
 *(.exceptions.irqreturn)
 .exceptions.irqreturn
                0x000000000457e488        0x4 ../os_bsp/\libucosii_bsp.a(alt_irq_entry.o)
 *(.exceptions.notirq.label)
 .exceptions.notirq.label
                0x000000000457e48c        0x0 ../os_bsp/\libucosii_bsp.a(alt_irq_entry.o)
 *(.exceptions.notirq.user)
 *(.exceptions.notirq)
 .exceptions.notirq
                0x000000000457e48c        0x8 ../os_bsp/\libucosii_bsp.a(alt_exception_entry.o)
 *(.exceptions.soft.user)
 *(.exceptions.soft)
 *(.exceptions.unknown.user)
 *(.exceptions.unknown)
 .exceptions.unknown
                0x000000000457e494        0x4 ../os_bsp/\libucosii_bsp.a(alt_exception_entry.o)
 *(.exceptions.exit.label)
 .exceptions.exit.label
                0x000000000457e498        0x0 ../os_bsp/\libucosii_bsp.a(alt_irq_entry.o)
 .exceptions.exit.label
                0x000000000457e498        0x0 ../os_bsp/\libucosii_bsp.a(alt_exception_entry.o)
 *(.exceptions.exit.user)
 *(.exceptions.exit)
 .exceptions.exit
                0x000000000457e498       0x54 ../os_bsp/\libucosii_bsp.a(alt_exception_entry.o)
 *(.exceptions)
 .exceptions    0x000000000457e4ec       0x78 ../os_bsp/\libucosii_bsp.a(alt_irq_handler.o)
                0x000000000457e4ec                alt_irq_handler
                0x000000000457e564                PROVIDE (__ram_exceptions_end, ABSOLUTE (.))
                0x000000000457e420                PROVIDE (__flash_exceptions_start, LOADADDR (.exceptions))

.text           0x000000000457e564    0x19660
                [!provide]                        PROVIDE (stext, ABSOLUTE (.))
 *(.interp)
 *(.hash)
 *(.dynsym)
 *(.dynstr)
 *(.gnu.version)
 *(.gnu.version_d)
 *(.gnu.version_r)
 *(.rel.init)
 *(.rela.init)
 *(.rel.text .rel.text.* .rel.gnu.linkonce.t.*)
 *(.rela.text .rela.text.* .rela.gnu.linkonce.t.*)
 *(.rel.fini)
 *(.rela.fini)
 *(.rel.rodata .rel.rodata.* .rel.gnu.linkonce.r.*)
 *(.rela.rodata .rela.rodata.* .rela.gnu.linkonce.r.*)
 *(.rel.data .rel.data.* .rel.gnu.linkonce.d.*)
 *(.rela.data .rela.data.* .rela.gnu.linkonce.d.*)
 *(.rel.tdata .rel.tdata.* .rel.gnu.linkonce.td.*)
 *(.rela.tdata .rela.tdata.* .rela.gnu.linkonce.td.*)
 *(.rel.tbss .rel.tbss.* .rel.gnu.linkonce.tb.*)
 *(.rela.tbss .rela.tbss.* .rela.gnu.linkonce.tb.*)
 *(.rel.ctors)
 *(.rela.ctors)
 *(.rel.dtors)
 *(.rela.dtors)
 *(.rel.got)
 *(.rela.got)
 *(.rel.sdata .rel.sdata.* .rel.gnu.linkonce.s.*)
 *(.rela.sdata .rela.sdata.* .rela.gnu.linkonce.s.*)
 *(.rel.sbss .rel.sbss.* .rel.gnu.linkonce.sb.*)
 *(.rela.sbss .rela.sbss.* .rela.gnu.linkonce.sb.*)
 *(.rel.sdata2 .rel.sdata2.* .rel.gnu.linkonce.s2.*)
 *(.rela.sdata2 .rela.sdata2.* .rela.gnu.linkonce.s2.*)
 *(.rel.sbss2 .rel.sbss2.* .rel.gnu.linkonce.sb2.*)
 *(.rela.sbss2 .rela.sbss2.* .rela.gnu.linkonce.sb2.*)
 *(.rel.bss .rel.bss.* .rel.gnu.linkonce.b.*)
 *(.rela.bss .rela.bss.* .rela.gnu.linkonce.b.*)
 *(.rel.plt)
 *(.rela.plt)
 *(.rel.dyn)
 *(.init)
 *(.plt)
 *(.text .stub .text.* .gnu.linkonce.t.*)
 .text          0x000000000457e564       0x4c ../os_bsp//obj/HAL/src/crt0.o
                0x000000000457e564                _start
 .text          0x000000000457e5b0     0x1828 obj/default/drivers/drivers.o
                0x000000000457e5b0                audio_dac_wr_fifo
                0x000000000457e610                stop_wav
                0x000000000457e638                play_wav
                0x000000000457e658                pause_wav
                0x000000000457e670                audio_dac_fifo_full
                0x000000000457e684                init_audio_hw
                0x000000000457e6d8                set_audio_frequency_audio_controller
                0x000000000457e710                set_note
                0x000000000457e748                select_modulation
                0x000000000457e75c                select_signal
                0x000000000457e770                audio_selector
                0x000000000457e784                set_graph_color
                0x000000000457e794                read_keyboard
                0x000000000457e7a4                mouse_pos
                0x000000000457e850                Sleep
                0x000000000457e89c                Beep
                0x000000000457e8d8                starwars
                0x000000000457ea38                gloria
                0x000000000457ef10                mario
                0x000000000457f7ac                tetris
 .text          0x000000000457fdd8        0x0 obj/default/fonts/tahomabold_20.o
 .text          0x000000000457fdd8        0x0 obj/default/fonts/tahomabold_32.o
 .text          0x000000000457fdd8      0x118 obj/default/frame.o
                0x000000000457fdd8                ConfigVFR
                0x000000000457fe9c                GetFrameBuffer
                0x000000000457feb8                cleanscreen
 .text          0x000000000457fef0      0x508 obj/default/graphic_lib/draw_gimps.o
                0x000000000457fef0                AsVidCopyImageToBuffer
                0x000000000457ffc8                AsVidCopyImageToBuffer2
                0x00000000045800a4                AsVidCopyImageToBuffer3
                0x0000000004580190                DispIMAGE
                0x0000000004580240                DispIMAGE_fit
                0x000000000458032c                DispIMAGE_from_gimp
 .text          0x00000000045803f8      0x5c4 obj/default/graphic_lib/gimp_bmp.o
                0x00000000045803f8                copy_pix_map_32_to_32
                0x000000000458045c                copy_pix_map_32_to_24
                0x000000000458050c                copy_pix_map_32_to_16
                0x000000000458058c                copy_pix_map_24_to_32
                0x000000000458065c                copy_pix_map_24_to_24
                0x000000000458070c                copy_pix_map_24_to_16
                0x00000000045807cc                load_gimp_bmp
 .text          0x00000000045809bc     0x1f00 obj/default/graphic_lib/simple_graphics.o
                0x00000000045809bc                vid_scroll_string_quit
                0x00000000045809ec                vid_scroll_string_init
                0x0000000004580ac4                vid_set_pixel
                0x0000000004580bb8                vid_print_char
                0x0000000004580c90                vid_print_string
                0x0000000004580d64                vid_get_pixel
                0x0000000004580dc0                vid_move_block
                0x0000000004580ebc                vid_paint_block
                0x0000000004581048                vid_clean_screen
                0x0000000004581078                vid_draw_horiz_line
                0x00000000045812b8                vid_merge_colors
                0x00000000045812d4                vid_color_convert24_16
                0x0000000004581308                vid_color_convert16_24
                0x0000000004581330                vid_copy_line_to_frame_buffer
                0x00000000045814f0                vid_draw_sloped_line
                0x0000000004581654                vid_draw_line
                0x00000000045816d0                vid_draw_box
                0x0000000004581848                vid_scroll_string
                0x0000000004581a60                vid_round_corner_points
                0x0000000004581eb8                vid_draw_circle
                0x0000000004581fd8                vid_draw_round_corner_box
                0x00000000045822c4                max_diff3
                0x00000000045822f0                vid_bres_scan_edges
                0x0000000004582438                vid_draw_triangle
                0x000000000458270c                CopyImage16
                0x00000000045827c0                CropImage16
 .text          0x00000000045828bc      0x648 obj/default/graphic_lib/simple_text.o
                0x00000000045828bc                vid_print_char_alpha
                0x0000000004582cec                vid_print_string_alpha
                0x0000000004582e88                vid_string_pixel_length_alpha
 .text          0x0000000004582f04     0x1aa4 obj/default/hello_ucosii.o
                0x0000000004582f04                draw_button
                0x000000000458312c                task2
                0x0000000004584250                init_background
                0x000000000458474c                send_audio_fifo
                0x00000000045847d8                task1
                0x00000000045848c0                main
 .text          0x00000000045849a8        0x0 obj/default/imagenes/back_down.o
 .text          0x00000000045849a8        0x0 obj/default/imagenes/back_up.o
 .text          0x00000000045849a8        0x0 obj/default/imagenes/ford_down.o
 .text          0x00000000045849a8        0x0 obj/default/imagenes/ford_up.o
 .text          0x00000000045849a8        0x0 obj/default/imagenes/pause_down.o
 .text          0x00000000045849a8        0x0 obj/default/imagenes/pause_up.o
 .text          0x00000000045849a8        0x0 obj/default/imagenes/play_down.o
 .text          0x00000000045849a8        0x0 obj/default/imagenes/play_up.o
 .text          0x00000000045849a8        0x0 obj/default/imagenes/stop_down.o
 .text          0x00000000045849a8        0x0 obj/default/imagenes/stop_up.o
 .text          0x00000000045849a8        0x0 obj/default/song/song0.o
 .text          0x00000000045849a8        0x0 obj/default/song/song1.o
 .text          0x00000000045849a8        0x0 obj/default/song/song2.o
 .text          0x00000000045849a8       0xa0 obj/default/student_code/student_code.o
                0x00000000045849a8                handle_lfsr_interrupts
                0x00000000045849fc                init_lfsr_interrupt
 .text          0x0000000004584a48      0x2b8 obj/default/vip_fr.o
                0x0000000004584a48                VIPFR_UnInit
                0x0000000004584a64                VIPFR_Go
                0x0000000004584a74                VIPFR_GetDrawFrame
                0x0000000004584a8c                VIPFR_ActiveDrawFrame
                0x0000000004584ad4                DRAW_EraseScreen
                0x0000000004584b24                FrameReader_SetFrame0
                0x0000000004584b4c                FrameReader_SetFrame1
                0x0000000004584b74                VIPFR_SetFrameSize
                0x0000000004584bf8                VIPFR_Init
                0x0000000004584c9c                FrameReader_SelectFrame
                0x0000000004584ca8                FrameReader_Go
                0x0000000004584cb4                VIPFR_ReserveBackground
 .text          0x0000000004584d00      0x1b4 c:/intelfpga/18.1/nios2eds/bin/gnu/h-x86_64-mingw32/bin/../lib/gcc/nios2-elf/5.3.0\libgcc.a(lib2-divmod.o)
                0x0000000004584d00                __divsi3
                0x0000000004584d84                __modsi3
                0x0000000004584df8                __udivsi3
                0x0000000004584e5c                __umodsi3
 .text          0x0000000004584eb4       0x70 c:/intelfpga/18.1/nios2eds/bin/gnu/h-x86_64-mingw32/bin/../lib/gcc/nios2-elf/5.3.0\libgcc.a(fixsfsi.o)
                0x0000000004584eb4                __fixsfsi
 .text          0x0000000004584f24        0x0 c:/intelfpga/18.1/nios2eds/bin/gnu/h-x86_64-mingw32/bin/../lib/gcc/nios2-elf/5.3.0/../../../../../H-x86_64-mingw32/nios2-elf/lib\libc.a(lib_a-malloc.o)
 .text.malloc   0x0000000004584f24       0x14 c:/intelfpga/18.1/nios2eds/bin/gnu/h-x86_64-mingw32/bin/../lib/gcc/nios2-elf/5.3.0/../../../../../H-x86_64-mingw32/nios2-elf/lib\libc.a(lib_a-malloc.o)
                0x0000000004584f24                malloc
 .text.free     0x0000000004584f38       0x14 c:/intelfpga/18.1/nios2eds/bin/gnu/h-x86_64-mingw32/bin/../lib/gcc/nios2-elf/5.3.0/../../../../../H-x86_64-mingw32/nios2-elf/lib\libc.a(lib_a-malloc.o)
                0x0000000004584f38                free
 .text          0x0000000004584f4c        0x0 c:/intelfpga/18.1/nios2eds/bin/gnu/h-x86_64-mingw32/bin/../lib/gcc/nios2-elf/5.3.0/../../../../../H-x86_64-mingw32/nios2-elf/lib\libc.a(lib_a-mallocr.o)
 .text._malloc_r
                0x0000000004584f4c      0x80c c:/intelfpga/18.1/nios2eds/bin/gnu/h-x86_64-mingw32/bin/../lib/gcc/nios2-elf/5.3.0/../../../../../H-x86_64-mingw32/nios2-elf/lib\libc.a(lib_a-mallocr.o)
                0x0000000004584f4c                _malloc_r
 .text          0x0000000004585758        0x0 c:/intelfpga/18.1/nios2eds/bin/gnu/h-x86_64-mingw32/bin/../lib/gcc/nios2-elf/5.3.0/../../../../../H-x86_64-mingw32/nios2-elf/lib\libc.a(lib_a-memcpy.o)
 .text.memcpy   0x0000000004585758      0x148 c:/intelfpga/18.1/nios2eds/bin/gnu/h-x86_64-mingw32/bin/../lib/gcc/nios2-elf/5.3.0/../../../../../H-x86_64-mingw32/nios2-elf/lib\libc.a(lib_a-memcpy.o)
                0x0000000004585758                memcpy
 .text          0x00000000045858a0        0x0 c:/intelfpga/18.1/nios2eds/bin/gnu/h-x86_64-mingw32/bin/../lib/gcc/nios2-elf/5.3.0/../../../../../H-x86_64-mingw32/nios2-elf/lib\libc.a(lib_a-memset.o)
 .text.memset   0x00000000045858a0      0x128 c:/intelfpga/18.1/nios2eds/bin/gnu/h-x86_64-mingw32/bin/../lib/gcc/nios2-elf/5.3.0/../../../../../H-x86_64-mingw32/nios2-elf/lib\libc.a(lib_a-memset.o)
                0x00000000045858a0                memset
 .text          0x00000000045859c8        0x0 c:/intelfpga/18.1/nios2eds/bin/gnu/h-x86_64-mingw32/bin/../lib/gcc/nios2-elf/5.3.0/../../../../../H-x86_64-mingw32/nios2-elf/lib\libc.a(lib_a-printf.o)
 .text._printf_r
                0x00000000045859c8       0x30 c:/intelfpga/18.1/nios2eds/bin/gnu/h-x86_64-mingw32/bin/../lib/gcc/nios2-elf/5.3.0/../../../../../H-x86_64-mingw32/nios2-elf/lib\libc.a(lib_a-printf.o)
                0x00000000045859c8                _printf_r
 .text.printf   0x00000000045859f8       0x3c c:/intelfpga/18.1/nios2eds/bin/gnu/h-x86_64-mingw32/bin/../lib/gcc/nios2-elf/5.3.0/../../../../../H-x86_64-mingw32/nios2-elf/lib\libc.a(lib_a-printf.o)
                0x00000000045859f8                printf
 .text          0x0000000004585a34        0x0 c:/intelfpga/18.1/nios2eds/bin/gnu/h-x86_64-mingw32/bin/../lib/gcc/nios2-elf/5.3.0/../../../../../H-x86_64-mingw32/nios2-elf/lib\libc.a(lib_a-sbrkr.o)
 .text._sbrk_r  0x0000000004585a34       0x54 c:/intelfpga/18.1/nios2eds/bin/gnu/h-x86_64-mingw32/bin/../lib/gcc/nios2-elf/5.3.0/../../../../../H-x86_64-mingw32/nios2-elf/lib\libc.a(lib_a-sbrkr.o)
                0x0000000004585a34                _sbrk_r
 .text          0x0000000004585a88        0x0 c:/intelfpga/18.1/nios2eds/bin/gnu/h-x86_64-mingw32/bin/../lib/gcc/nios2-elf/5.3.0/../../../../../H-x86_64-mingw32/nios2-elf/lib\libc.a(lib_a-strcpy.o)
 .text.strcpy   0x0000000004585a88       0x90 c:/intelfpga/18.1/nios2eds/bin/gnu/h-x86_64-mingw32/bin/../lib/gcc/nios2-elf/5.3.0/../../../../../H-x86_64-mingw32/nios2-elf/lib\libc.a(lib_a-strcpy.o)
                0x0000000004585a88                strcpy
 .text          0x0000000004585b18        0x0 c:/intelfpga/18.1/nios2eds/bin/gnu/h-x86_64-mingw32/bin/../lib/gcc/nios2-elf/5.3.0/../../../../../H-x86_64-mingw32/nios2-elf/lib\libc.a(lib_a-strlen.o)
 .text.strlen   0x0000000004585b18       0x98 c:/intelfpga/18.1/nios2eds/bin/gnu/h-x86_64-mingw32/bin/../lib/gcc/nios2-elf/5.3.0/../../../../../H-x86_64-mingw32/nios2-elf/lib\libc.a(lib_a-strlen.o)
                0x0000000004585b18                strlen
 .text          0x0000000004585bb0        0x0 c:/intelfpga/18.1/nios2eds/bin/gnu/h-x86_64-mingw32/bin/../lib/gcc/nios2-elf/5.3.0/../../../../../H-x86_64-mingw32/nios2-elf/lib\libc.a(lib_a-vfprintf.o)
 .text.___vfprintf_internal_r
                0x0000000004585bb0     0x21f8 c:/intelfpga/18.1/nios2eds/bin/gnu/h-x86_64-mingw32/bin/../lib/gcc/nios2-elf/5.3.0/../../../../../H-x86_64-mingw32/nios2-elf/lib\libc.a(lib_a-vfprintf.o)
                0x0000000004585bb0                ___vfprintf_internal_r
 .text.__vfprintf_internal
                0x0000000004587da8       0x1c c:/intelfpga/18.1/nios2eds/bin/gnu/h-x86_64-mingw32/bin/../lib/gcc/nios2-elf/5.3.0/../../../../../H-x86_64-mingw32/nios2-elf/lib\libc.a(lib_a-vfprintf.o)
                0x0000000004587da8                __vfprintf_internal
 .text.__sbprintf
                0x0000000004587dc4       0xbc c:/intelfpga/18.1/nios2eds/bin/gnu/h-x86_64-mingw32/bin/../lib/gcc/nios2-elf/5.3.0/../../../../../H-x86_64-mingw32/nios2-elf/lib\libc.a(lib_a-vfprintf.o)
 .text          0x0000000004587e80        0x0 c:/intelfpga/18.1/nios2eds/bin/gnu/h-x86_64-mingw32/bin/../lib/gcc/nios2-elf/5.3.0/../../../../../H-x86_64-mingw32/nios2-elf/lib\libc.a(lib_a-wsetup.o)
 .text.__swsetup_r
                0x0000000004587e80      0x154 c:/intelfpga/18.1/nios2eds/bin/gnu/h-x86_64-mingw32/bin/../lib/gcc/nios2-elf/5.3.0/../../../../../H-x86_64-mingw32/nios2-elf/lib\libc.a(lib_a-wsetup.o)
                0x0000000004587e80                __swsetup_r
 .text          0x0000000004587fd4        0x0 c:/intelfpga/18.1/nios2eds/bin/gnu/h-x86_64-mingw32/bin/../lib/gcc/nios2-elf/5.3.0/../../../../../H-x86_64-mingw32/nios2-elf/lib\libc.a(lib_a-dtoa.o)
 .text.quorem   0x0000000004587fd4      0x200 c:/intelfpga/18.1/nios2eds/bin/gnu/h-x86_64-mingw32/bin/../lib/gcc/nios2-elf/5.3.0/../../../../../H-x86_64-mingw32/nios2-elf/lib\libc.a(lib_a-dtoa.o)
 .text._dtoa_r  0x00000000045881d4     0x1688 c:/intelfpga/18.1/nios2eds/bin/gnu/h-x86_64-mingw32/bin/../lib/gcc/nios2-elf/5.3.0/../../../../../H-x86_64-mingw32/nios2-elf/lib\libc.a(lib_a-dtoa.o)
                0x00000000045881d4                _dtoa_r
 .text          0x000000000458985c        0x0 c:/intelfpga/18.1/nios2eds/bin/gnu/h-x86_64-mingw32/bin/../lib/gcc/nios2-elf/5.3.0/../../../../../H-x86_64-mingw32/nios2-elf/lib\libc.a(lib_a-fflush.o)
 .text.__sflush_r
                0x000000000458985c      0x21c c:/intelfpga/18.1/nios2eds/bin/gnu/h-x86_64-mingw32/bin/../lib/gcc/nios2-elf/5.3.0/../../../../../H-x86_64-mingw32/nios2-elf/lib\libc.a(lib_a-fflush.o)
                0x000000000458985c                __sflush_r
 .text._fflush_r
                0x0000000004589a78       0x5c c:/intelfpga/18.1/nios2eds/bin/gnu/h-x86_64-mingw32/bin/../lib/gcc/nios2-elf/5.3.0/../../../../../H-x86_64-mingw32/nios2-elf/lib\libc.a(lib_a-fflush.o)
                0x0000000004589a78                _fflush_r
 .text.fflush   0x0000000004589ad4       0x30 c:/intelfpga/18.1/nios2eds/bin/gnu/h-x86_64-mingw32/bin/../lib/gcc/nios2-elf/5.3.0/../../../../../H-x86_64-mingw32/nios2-elf/lib\libc.a(lib_a-fflush.o)
                0x0000000004589ad4                fflush
 .text          0x0000000004589b04        0x0 c:/intelfpga/18.1/nios2eds/bin/gnu/h-x86_64-mingw32/bin/../lib/gcc/nios2-elf/5.3.0/../../../../../H-x86_64-mingw32/nios2-elf/lib\libc.a(lib_a-findfp.o)
 .text.__fp_unlock
                0x0000000004589b04        0x8 c:/intelfpga/18.1/nios2eds/bin/gnu/h-x86_64-mingw32/bin/../lib/gcc/nios2-elf/5.3.0/../../../../../H-x86_64-mingw32/nios2-elf/lib\libc.a(lib_a-findfp.o)
 .text._cleanup_r
                0x0000000004589b0c        0xc c:/intelfpga/18.1/nios2eds/bin/gnu/h-x86_64-mingw32/bin/../lib/gcc/nios2-elf/5.3.0/../../../../../H-x86_64-mingw32/nios2-elf/lib\libc.a(lib_a-findfp.o)
                0x0000000004589b0c                _cleanup_r
 .text.__sinit.part.1
                0x0000000004589b18      0x19c c:/intelfpga/18.1/nios2eds/bin/gnu/h-x86_64-mingw32/bin/../lib/gcc/nios2-elf/5.3.0/../../../../../H-x86_64-mingw32/nios2-elf/lib\libc.a(lib_a-findfp.o)
 .text.__fp_lock
                0x0000000004589cb4        0x8 c:/intelfpga/18.1/nios2eds/bin/gnu/h-x86_64-mingw32/bin/../lib/gcc/nios2-elf/5.3.0/../../../../../H-x86_64-mingw32/nios2-elf/lib\libc.a(lib_a-findfp.o)
 .text.__sfmoreglue
                0x0000000004589cbc       0x68 c:/intelfpga/18.1/nios2eds/bin/gnu/h-x86_64-mingw32/bin/../lib/gcc/nios2-elf/5.3.0/../../../../../H-x86_64-mingw32/nios2-elf/lib\libc.a(lib_a-findfp.o)
                0x0000000004589cbc                __sfmoreglue
 .text.__sfp    0x0000000004589d24      0x118 c:/intelfpga/18.1/nios2eds/bin/gnu/h-x86_64-mingw32/bin/../lib/gcc/nios2-elf/5.3.0/../../../../../H-x86_64-mingw32/nios2-elf/lib\libc.a(lib_a-findfp.o)
                0x0000000004589d24                __sfp
 .text._cleanup
                0x0000000004589e3c       0x18 c:/intelfpga/18.1/nios2eds/bin/gnu/h-x86_64-mingw32/bin/../lib/gcc/nios2-elf/5.3.0/../../../../../H-x86_64-mingw32/nios2-elf/lib\libc.a(lib_a-findfp.o)
                0x0000000004589e3c                _cleanup
 .text.__sinit  0x0000000004589e54       0x10 c:/intelfpga/18.1/nios2eds/bin/gnu/h-x86_64-mingw32/bin/../lib/gcc/nios2-elf/5.3.0/../../../../../H-x86_64-mingw32/nios2-elf/lib\libc.a(lib_a-findfp.o)
                0x0000000004589e54                __sinit
 .text.__sfp_lock_acquire
                0x0000000004589e64        0x4 c:/intelfpga/18.1/nios2eds/bin/gnu/h-x86_64-mingw32/bin/../lib/gcc/nios2-elf/5.3.0/../../../../../H-x86_64-mingw32/nios2-elf/lib\libc.a(lib_a-findfp.o)
                0x0000000004589e64                __sfp_lock_acquire
 .text.__sfp_lock_release
                0x0000000004589e68        0x4 c:/intelfpga/18.1/nios2eds/bin/gnu/h-x86_64-mingw32/bin/../lib/gcc/nios2-elf/5.3.0/../../../../../H-x86_64-mingw32/nios2-elf/lib\libc.a(lib_a-findfp.o)
                0x0000000004589e68                __sfp_lock_release
 .text.__sinit_lock_acquire
                0x0000000004589e6c        0x4 c:/intelfpga/18.1/nios2eds/bin/gnu/h-x86_64-mingw32/bin/../lib/gcc/nios2-elf/5.3.0/../../../../../H-x86_64-mingw32/nios2-elf/lib\libc.a(lib_a-findfp.o)
                0x0000000004589e6c                __sinit_lock_acquire
 .text.__sinit_lock_release
                0x0000000004589e70        0x4 c:/intelfpga/18.1/nios2eds/bin/gnu/h-x86_64-mingw32/bin/../lib/gcc/nios2-elf/5.3.0/../../../../../H-x86_64-mingw32/nios2-elf/lib\libc.a(lib_a-findfp.o)
                0x0000000004589e70                __sinit_lock_release
 .text.__fp_lock_all
                0x0000000004589e74       0x18 c:/intelfpga/18.1/nios2eds/bin/gnu/h-x86_64-mingw32/bin/../lib/gcc/nios2-elf/5.3.0/../../../../../H-x86_64-mingw32/nios2-elf/lib\libc.a(lib_a-findfp.o)
                0x0000000004589e74                __fp_lock_all
 .text.__fp_unlock_all
                0x0000000004589e8c       0x18 c:/intelfpga/18.1/nios2eds/bin/gnu/h-x86_64-mingw32/bin/../lib/gcc/nios2-elf/5.3.0/../../../../../H-x86_64-mingw32/nios2-elf/lib\libc.a(lib_a-findfp.o)
                0x0000000004589e8c                __fp_unlock_all
 .text          0x0000000004589ea4        0x0 c:/intelfpga/18.1/nios2eds/bin/gnu/h-x86_64-mingw32/bin/../lib/gcc/nios2-elf/5.3.0/../../../../../H-x86_64-mingw32/nios2-elf/lib\libc.a(lib_a-freer.o)
 .text._malloc_trim_r
                0x0000000004589ea4      0x124 c:/intelfpga/18.1/nios2eds/bin/gnu/h-x86_64-mingw32/bin/../lib/gcc/nios2-elf/5.3.0/../../../../../H-x86_64-mingw32/nios2-elf/lib\libc.a(lib_a-freer.o)
                0x0000000004589ea4                _malloc_trim_r
 .text._free_r  0x0000000004589fc8      0x310 c:/intelfpga/18.1/nios2eds/bin/gnu/h-x86_64-mingw32/bin/../lib/gcc/nios2-elf/5.3.0/../../../../../H-x86_64-mingw32/nios2-elf/lib\libc.a(lib_a-freer.o)
                0x0000000004589fc8                _free_r
 .text          0x000000000458a2d8        0x0 c:/intelfpga/18.1/nios2eds/bin/gnu/h-x86_64-mingw32/bin/../lib/gcc/nios2-elf/5.3.0/../../../../../H-x86_64-mingw32/nios2-elf/lib\libc.a(lib_a-fwalk.o)
 .text._fwalk   0x000000000458a2d8       0xc4 c:/intelfpga/18.1/nios2eds/bin/gnu/h-x86_64-mingw32/bin/../lib/gcc/nios2-elf/5.3.0/../../../../../H-x86_64-mingw32/nios2-elf/lib\libc.a(lib_a-fwalk.o)
                0x000000000458a2d8                _fwalk
 .text._fwalk_reent
                0x000000000458a39c       0xc4 c:/intelfpga/18.1/nios2eds/bin/gnu/h-x86_64-mingw32/bin/../lib/gcc/nios2-elf/5.3.0/../../../../../H-x86_64-mingw32/nios2-elf/lib\libc.a(lib_a-fwalk.o)
                0x000000000458a39c                _fwalk_reent
 .text          0x000000000458a460        0x0 c:/intelfpga/18.1/nios2eds/bin/gnu/h-x86_64-mingw32/bin/../lib/gcc/nios2-elf/5.3.0/../../../../../H-x86_64-mingw32/nios2-elf/lib\libc.a(lib_a-impure.o)
 .text          0x000000000458a460        0x0 c:/intelfpga/18.1/nios2eds/bin/gnu/h-x86_64-mingw32/bin/../lib/gcc/nios2-elf/5.3.0/../../../../../H-x86_64-mingw32/nios2-elf/lib\libc.a(lib_a-int_errno.o)
 .text          0x000000000458a460        0x0 c:/intelfpga/18.1/nios2eds/bin/gnu/h-x86_64-mingw32/bin/../lib/gcc/nios2-elf/5.3.0/../../../../../H-x86_64-mingw32/nios2-elf/lib\libc.a(lib_a-locale.o)
 .text._setlocale_r
                0x000000000458a460       0x7c c:/intelfpga/18.1/nios2eds/bin/gnu/h-x86_64-mingw32/bin/../lib/gcc/nios2-elf/5.3.0/../../../../../H-x86_64-mingw32/nios2-elf/lib\libc.a(lib_a-locale.o)
                0x000000000458a460                _setlocale_r
 .text.__locale_charset
                0x000000000458a4dc        0xc c:/intelfpga/18.1/nios2eds/bin/gnu/h-x86_64-mingw32/bin/../lib/gcc/nios2-elf/5.3.0/../../../../../H-x86_64-mingw32/nios2-elf/lib\libc.a(lib_a-locale.o)
                0x000000000458a4dc                __locale_charset
 .text.__locale_mb_cur_max
                0x000000000458a4e8       0x10 c:/intelfpga/18.1/nios2eds/bin/gnu/h-x86_64-mingw32/bin/../lib/gcc/nios2-elf/5.3.0/../../../../../H-x86_64-mingw32/nios2-elf/lib\libc.a(lib_a-locale.o)
                0x000000000458a4e8                __locale_mb_cur_max
 .text.__locale_msgcharset
                0x000000000458a4f8        0xc c:/intelfpga/18.1/nios2eds/bin/gnu/h-x86_64-mingw32/bin/../lib/gcc/nios2-elf/5.3.0/../../../../../H-x86_64-mingw32/nios2-elf/lib\libc.a(lib_a-locale.o)
                0x000000000458a4f8                __locale_msgcharset
 .text.__locale_cjk_lang
                0x000000000458a504        0x8 c:/intelfpga/18.1/nios2eds/bin/gnu/h-x86_64-mingw32/bin/../lib/gcc/nios2-elf/5.3.0/../../../../../H-x86_64-mingw32/nios2-elf/lib\libc.a(lib_a-locale.o)
                0x000000000458a504                __locale_cjk_lang
 .text._localeconv_r
                0x000000000458a50c        0xc c:/intelfpga/18.1/nios2eds/bin/gnu/h-x86_64-mingw32/bin/../lib/gcc/nios2-elf/5.3.0/../../../../../H-x86_64-mingw32/nios2-elf/lib\libc.a(lib_a-locale.o)
                0x000000000458a50c                _localeconv_r
 .text.setlocale
                0x000000000458a518       0x18 c:/intelfpga/18.1/nios2eds/bin/gnu/h-x86_64-mingw32/bin/../lib/gcc/nios2-elf/5.3.0/../../../../../H-x86_64-mingw32/nios2-elf/lib\libc.a(lib_a-locale.o)
                0x000000000458a518                setlocale
 .text.localeconv
                0x000000000458a530        0xc c:/intelfpga/18.1/nios2eds/bin/gnu/h-x86_64-mingw32/bin/../lib/gcc/nios2-elf/5.3.0/../../../../../H-x86_64-mingw32/nios2-elf/lib\libc.a(lib_a-locale.o)
                0x000000000458a530                localeconv
 .text          0x000000000458a53c        0x0 c:/intelfpga/18.1/nios2eds/bin/gnu/h-x86_64-mingw32/bin/../lib/gcc/nios2-elf/5.3.0/../../../../../H-x86_64-mingw32/nios2-elf/lib\libc.a(lib_a-makebuf.o)
 .text.__smakebuf_r
                0x000000000458a53c      0x1bc c:/intelfpga/18.1/nios2eds/bin/gnu/h-x86_64-mingw32/bin/../lib/gcc/nios2-elf/5.3.0/../../../../../H-x86_64-mingw32/nios2-elf/lib\libc.a(lib_a-makebuf.o)
                0x000000000458a53c                __smakebuf_r
 .text          0x000000000458a6f8        0x0 c:/intelfpga/18.1/nios2eds/bin/gnu/h-x86_64-mingw32/bin/../lib/gcc/nios2-elf/5.3.0/../../../../../H-x86_64-mingw32/nios2-elf/lib\libc.a(lib_a-memchr.o)
 .text.memchr   0x000000000458a6f8       0xe4 c:/intelfpga/18.1/nios2eds/bin/gnu/h-x86_64-mingw32/bin/../lib/gcc/nios2-elf/5.3.0/../../../../../H-x86_64-mingw32/nios2-elf/lib\libc.a(lib_a-memchr.o)
                0x000000000458a6f8                memchr
 .text          0x000000000458a7dc        0x0 c:/intelfpga/18.1/nios2eds/bin/gnu/h-x86_64-mingw32/bin/../lib/gcc/nios2-elf/5.3.0/../../../../../H-x86_64-mingw32/nios2-elf/lib\libc.a(lib_a-mprec.o)
 .text._Balloc  0x000000000458a7dc       0xa8 c:/intelfpga/18.1/nios2eds/bin/gnu/h-x86_64-mingw32/bin/../lib/gcc/nios2-elf/5.3.0/../../../../../H-x86_64-mingw32/nios2-elf/lib\libc.a(lib_a-mprec.o)
                0x000000000458a7dc                _Balloc
 .text._Bfree   0x000000000458a884       0x28 c:/intelfpga/18.1/nios2eds/bin/gnu/h-x86_64-mingw32/bin/../lib/gcc/nios2-elf/5.3.0/../../../../../H-x86_64-mingw32/nios2-elf/lib\libc.a(lib_a-mprec.o)
                0x000000000458a884                _Bfree
 .text.__multadd
                0x000000000458a8ac      0x120 c:/intelfpga/18.1/nios2eds/bin/gnu/h-x86_64-mingw32/bin/../lib/gcc/nios2-elf/5.3.0/../../../../../H-x86_64-mingw32/nios2-elf/lib\libc.a(lib_a-mprec.o)
                0x000000000458a8ac                __multadd
 .text.__s2b    0x000000000458a9cc      0x104 c:/intelfpga/18.1/nios2eds/bin/gnu/h-x86_64-mingw32/bin/../lib/gcc/nios2-elf/5.3.0/../../../../../H-x86_64-mingw32/nios2-elf/lib\libc.a(lib_a-mprec.o)
                0x000000000458a9cc                __s2b
 .text.__hi0bits
                0x000000000458aad0       0x68 c:/intelfpga/18.1/nios2eds/bin/gnu/h-x86_64-mingw32/bin/../lib/gcc/nios2-elf/5.3.0/../../../../../H-x86_64-mingw32/nios2-elf/lib\libc.a(lib_a-mprec.o)
                0x000000000458aad0                __hi0bits
 .text.__lo0bits
                0x000000000458ab38       0xb0 c:/intelfpga/18.1/nios2eds/bin/gnu/h-x86_64-mingw32/bin/../lib/gcc/nios2-elf/5.3.0/../../../../../H-x86_64-mingw32/nios2-elf/lib\libc.a(lib_a-mprec.o)
                0x000000000458ab38                __lo0bits
 .text.__i2b    0x000000000458abe8       0x3c c:/intelfpga/18.1/nios2eds/bin/gnu/h-x86_64-mingw32/bin/../lib/gcc/nios2-elf/5.3.0/../../../../../H-x86_64-mingw32/nios2-elf/lib\libc.a(lib_a-mprec.o)
                0x000000000458abe8                __i2b
 .text.__multiply
                0x000000000458ac24      0x1f8 c:/intelfpga/18.1/nios2eds/bin/gnu/h-x86_64-mingw32/bin/../lib/gcc/nios2-elf/5.3.0/../../../../../H-x86_64-mingw32/nios2-elf/lib\libc.a(lib_a-mprec.o)
                0x000000000458ac24                __multiply
 .text.__pow5mult
                0x000000000458ae1c      0x140 c:/intelfpga/18.1/nios2eds/bin/gnu/h-x86_64-mingw32/bin/../lib/gcc/nios2-elf/5.3.0/../../../../../H-x86_64-mingw32/nios2-elf/lib\libc.a(lib_a-mprec.o)
                0x000000000458ae1c                __pow5mult
 .text.__lshift
                0x000000000458af5c      0x148 c:/intelfpga/18.1/nios2eds/bin/gnu/h-x86_64-mingw32/bin/../lib/gcc/nios2-elf/5.3.0/../../../../../H-x86_64-mingw32/nios2-elf/lib\libc.a(lib_a-mprec.o)
                0x000000000458af5c                __lshift
 .text.__mcmp   0x000000000458b0a4       0x60 c:/intelfpga/18.1/nios2eds/bin/gnu/h-x86_64-mingw32/bin/../lib/gcc/nios2-elf/5.3.0/../../../../../H-x86_64-mingw32/nios2-elf/lib\libc.a(lib_a-mprec.o)
                0x000000000458b0a4                __mcmp
 .text.__mdiff  0x000000000458b104      0x1fc c:/intelfpga/18.1/nios2eds/bin/gnu/h-x86_64-mingw32/bin/../lib/gcc/nios2-elf/5.3.0/../../../../../H-x86_64-mingw32/nios2-elf/lib\libc.a(lib_a-mprec.o)
                0x000000000458b104                __mdiff
 .text.__ulp    0x000000000458b300       0x64 c:/intelfpga/18.1/nios2eds/bin/gnu/h-x86_64-mingw32/bin/../lib/gcc/nios2-elf/5.3.0/../../../../../H-x86_64-mingw32/nios2-elf/lib\libc.a(lib_a-mprec.o)
                0x000000000458b300                __ulp
 .text.__b2d    0x000000000458b364      0x10c c:/intelfpga/18.1/nios2eds/bin/gnu/h-x86_64-mingw32/bin/../lib/gcc/nios2-elf/5.3.0/../../../../../H-x86_64-mingw32/nios2-elf/lib\libc.a(lib_a-mprec.o)
                0x000000000458b364                __b2d
 .text.__d2b    0x000000000458b470      0x14c c:/intelfpga/18.1/nios2eds/bin/gnu/h-x86_64-mingw32/bin/../lib/gcc/nios2-elf/5.3.0/../../../../../H-x86_64-mingw32/nios2-elf/lib\libc.a(lib_a-mprec.o)
                0x000000000458b470                __d2b
 .text.__ratio  0x000000000458b5bc       0xa4 c:/intelfpga/18.1/nios2eds/bin/gnu/h-x86_64-mingw32/bin/../lib/gcc/nios2-elf/5.3.0/../../../../../H-x86_64-mingw32/nios2-elf/lib\libc.a(lib_a-mprec.o)
                0x000000000458b5bc                __ratio
 .text._mprec_log10
                0x000000000458b660       0x74 c:/intelfpga/18.1/nios2eds/bin/gnu/h-x86_64-mingw32/bin/../lib/gcc/nios2-elf/5.3.0/../../../../../H-x86_64-mingw32/nios2-elf/lib\libc.a(lib_a-mprec.o)
                0x000000000458b660                _mprec_log10
 .text.__copybits
                0x000000000458b6d4       0x78 c:/intelfpga/18.1/nios2eds/bin/gnu/h-x86_64-mingw32/bin/../lib/gcc/nios2-elf/5.3.0/../../../../../H-x86_64-mingw32/nios2-elf/lib\libc.a(lib_a-mprec.o)
                0x000000000458b6d4                __copybits
 .text.__any_on
                0x000000000458b74c       0x8c c:/intelfpga/18.1/nios2eds/bin/gnu/h-x86_64-mingw32/bin/../lib/gcc/nios2-elf/5.3.0/../../../../../H-x86_64-mingw32/nios2-elf/lib\libc.a(lib_a-mprec.o)
                0x000000000458b74c                __any_on
 .text          0x000000000458b7d8        0x0 c:/intelfpga/18.1/nios2eds/bin/gnu/h-x86_64-mingw32/bin/../lib/gcc/nios2-elf/5.3.0/../../../../../H-x86_64-mingw32/nios2-elf/lib\libc.a(lib_a-s_fpclassify.o)
 .text.__fpclassifyd
                0x000000000458b7d8       0x74 c:/intelfpga/18.1/nios2eds/bin/gnu/h-x86_64-mingw32/bin/../lib/gcc/nios2-elf/5.3.0/../../../../../H-x86_64-mingw32/nios2-elf/lib\libc.a(lib_a-s_fpclassify.o)
                0x000000000458b7d8                __fpclassifyd
 .text          0x000000000458b84c        0x0 c:/intelfpga/18.1/nios2eds/bin/gnu/h-x86_64-mingw32/bin/../lib/gcc/nios2-elf/5.3.0/../../../../../H-x86_64-mingw32/nios2-elf/lib\libc.a(lib_a-stdio.o)
 .text.__sread  0x000000000458b84c       0x54 c:/intelfpga/18.1/nios2eds/bin/gnu/h-x86_64-mingw32/bin/../lib/gcc/nios2-elf/5.3.0/../../../../../H-x86_64-mingw32/nios2-elf/lib\libc.a(lib_a-stdio.o)
                0x000000000458b84c                __sread
 .text.__seofread
                0x000000000458b8a0        0x8 c:/intelfpga/18.1/nios2eds/bin/gnu/h-x86_64-mingw32/bin/../lib/gcc/nios2-elf/5.3.0/../../../../../H-x86_64-mingw32/nios2-elf/lib\libc.a(lib_a-stdio.o)
                0x000000000458b8a0                __seofread
 .text.__swrite
                0x000000000458b8a8       0x7c c:/intelfpga/18.1/nios2eds/bin/gnu/h-x86_64-mingw32/bin/../lib/gcc/nios2-elf/5.3.0/../../../../../H-x86_64-mingw32/nios2-elf/lib\libc.a(lib_a-stdio.o)
                0x000000000458b8a8                __swrite
 .text.__sseek  0x000000000458b924       0x5c c:/intelfpga/18.1/nios2eds/bin/gnu/h-x86_64-mingw32/bin/../lib/gcc/nios2-elf/5.3.0/../../../../../H-x86_64-mingw32/nios2-elf/lib\libc.a(lib_a-stdio.o)
                0x000000000458b924                __sseek
 .text.__sclose
                0x000000000458b980        0x8 c:/intelfpga/18.1/nios2eds/bin/gnu/h-x86_64-mingw32/bin/../lib/gcc/nios2-elf/5.3.0/../../../../../H-x86_64-mingw32/nios2-elf/lib\libc.a(lib_a-stdio.o)
                0x000000000458b980                __sclose
 .text          0x000000000458b988        0x0 c:/intelfpga/18.1/nios2eds/bin/gnu/h-x86_64-mingw32/bin/../lib/gcc/nios2-elf/5.3.0/../../../../../H-x86_64-mingw32/nios2-elf/lib\libc.a(lib_a-strcmp.o)
 .text.strcmp   0x000000000458b988       0xdc c:/intelfpga/18.1/nios2eds/bin/gnu/h-x86_64-mingw32/bin/../lib/gcc/nios2-elf/5.3.0/../../../../../H-x86_64-mingw32/nios2-elf/lib\libc.a(lib_a-strcmp.o)
                0x000000000458b988                strcmp
 .text          0x000000000458ba64        0x0 c:/intelfpga/18.1/nios2eds/bin/gnu/h-x86_64-mingw32/bin/../lib/gcc/nios2-elf/5.3.0/../../../../../H-x86_64-mingw32/nios2-elf/lib\libc.a(lib_a-vfiprintf.o)
 .text.__sprint_r.part.0
                0x000000000458ba64       0xfc c:/intelfpga/18.1/nios2eds/bin/gnu/h-x86_64-mingw32/bin/../lib/gcc/nios2-elf/5.3.0/../../../../../H-x86_64-mingw32/nios2-elf/lib\libc.a(lib_a-vfiprintf.o)
 .text.__sprint_r
                0x000000000458bb60       0x18 c:/intelfpga/18.1/nios2eds/bin/gnu/h-x86_64-mingw32/bin/../lib/gcc/nios2-elf/5.3.0/../../../../../H-x86_64-mingw32/nios2-elf/lib\libc.a(lib_a-vfiprintf.o)
                0x000000000458bb60                __sprint_r
 .text.___vfiprintf_internal_r
                0x000000000458bb78     0x145c c:/intelfpga/18.1/nios2eds/bin/gnu/h-x86_64-mingw32/bin/../lib/gcc/nios2-elf/5.3.0/../../../../../H-x86_64-mingw32/nios2-elf/lib\libc.a(lib_a-vfiprintf.o)
                0x000000000458bb78                ___vfiprintf_internal_r
 .text.__vfiprintf_internal
                0x000000000458cfd4       0x1c c:/intelfpga/18.1/nios2eds/bin/gnu/h-x86_64-mingw32/bin/../lib/gcc/nios2-elf/5.3.0/../../../../../H-x86_64-mingw32/nios2-elf/lib\libc.a(lib_a-vfiprintf.o)
                0x000000000458cfd4                __vfiprintf_internal
 .text.__sbprintf
                0x000000000458cff0       0xbc c:/intelfpga/18.1/nios2eds/bin/gnu/h-x86_64-mingw32/bin/../lib/gcc/nios2-elf/5.3.0/../../../../../H-x86_64-mingw32/nios2-elf/lib\libc.a(lib_a-vfiprintf.o)
 .text          0x000000000458d0ac        0x0 c:/intelfpga/18.1/nios2eds/bin/gnu/h-x86_64-mingw32/bin/../lib/gcc/nios2-elf/5.3.0/../../../../../H-x86_64-mingw32/nios2-elf/lib\libc.a(lib_a-writer.o)
 .text._write_r
                0x000000000458d0ac       0x60 c:/intelfpga/18.1/nios2eds/bin/gnu/h-x86_64-mingw32/bin/../lib/gcc/nios2-elf/5.3.0/../../../../../H-x86_64-mingw32/nios2-elf/lib\libc.a(lib_a-writer.o)
                0x000000000458d0ac                _write_r
 .text          0x000000000458d10c        0x0 c:/intelfpga/18.1/nios2eds/bin/gnu/h-x86_64-mingw32/bin/../lib/gcc/nios2-elf/5.3.0/../../../../../H-x86_64-mingw32/nios2-elf/lib\libc.a(closer.o)
 .text._close_r
                0x000000000458d10c       0x54 c:/intelfpga/18.1/nios2eds/bin/gnu/h-x86_64-mingw32/bin/../lib/gcc/nios2-elf/5.3.0/../../../../../H-x86_64-mingw32/nios2-elf/lib\libc.a(closer.o)
                0x000000000458d10c                _close_r
 .text          0x000000000458d160        0x0 c:/intelfpga/18.1/nios2eds/bin/gnu/h-x86_64-mingw32/bin/../lib/gcc/nios2-elf/5.3.0/../../../../../H-x86_64-mingw32/nios2-elf/lib\libc.a(lib_a-callocr.o)
 .text._calloc_r
                0x000000000458d160       0xc4 c:/intelfpga/18.1/nios2eds/bin/gnu/h-x86_64-mingw32/bin/../lib/gcc/nios2-elf/5.3.0/../../../../../H-x86_64-mingw32/nios2-elf/lib\libc.a(lib_a-callocr.o)
                0x000000000458d160                _calloc_r
 .text          0x000000000458d224        0x0 c:/intelfpga/18.1/nios2eds/bin/gnu/h-x86_64-mingw32/bin/../lib/gcc/nios2-elf/5.3.0/../../../../../H-x86_64-mingw32/nios2-elf/lib\libc.a(lib_a-fclose.o)
 .text._fclose_r
                0x000000000458d224       0xf0 c:/intelfpga/18.1/nios2eds/bin/gnu/h-x86_64-mingw32/bin/../lib/gcc/nios2-elf/5.3.0/../../../../../H-x86_64-mingw32/nios2-elf/lib\libc.a(lib_a-fclose.o)
                0x000000000458d224                _fclose_r
 .text.fclose   0x000000000458d314       0x14 c:/intelfpga/18.1/nios2eds/bin/gnu/h-x86_64-mingw32/bin/../lib/gcc/nios2-elf/5.3.0/../../../../../H-x86_64-mingw32/nios2-elf/lib\libc.a(lib_a-fclose.o)
                0x000000000458d314                fclose
 .text          0x000000000458d328        0x0 c:/intelfpga/18.1/nios2eds/bin/gnu/h-x86_64-mingw32/bin/../lib/gcc/nios2-elf/5.3.0/../../../../../H-x86_64-mingw32/nios2-elf/lib\libc.a(lib_a-fputwc.o)
 .text.__fputwc
                0x000000000458d328      0x164 c:/intelfpga/18.1/nios2eds/bin/gnu/h-x86_64-mingw32/bin/../lib/gcc/nios2-elf/5.3.0/../../../../../H-x86_64-mingw32/nios2-elf/lib\libc.a(lib_a-fputwc.o)
                0x000000000458d328                __fputwc
 .text._fputwc_r
                0x000000000458d48c       0x24 c:/intelfpga/18.1/nios2eds/bin/gnu/h-x86_64-mingw32/bin/../lib/gcc/nios2-elf/5.3.0/../../../../../H-x86_64-mingw32/nios2-elf/lib\libc.a(lib_a-fputwc.o)
                0x000000000458d48c                _fputwc_r
 .text.fputwc   0x000000000458d4b0       0x80 c:/intelfpga/18.1/nios2eds/bin/gnu/h-x86_64-mingw32/bin/../lib/gcc/nios2-elf/5.3.0/../../../../../H-x86_64-mingw32/nios2-elf/lib\libc.a(lib_a-fputwc.o)
                0x000000000458d4b0                fputwc
 .text          0x000000000458d530        0x0 c:/intelfpga/18.1/nios2eds/bin/gnu/h-x86_64-mingw32/bin/../lib/gcc/nios2-elf/5.3.0/../../../../../H-x86_64-mingw32/nios2-elf/lib\libc.a(lib_a-fstatr.o)
 .text._fstat_r
                0x000000000458d530       0x5c c:/intelfpga/18.1/nios2eds/bin/gnu/h-x86_64-mingw32/bin/../lib/gcc/nios2-elf/5.3.0/../../../../../H-x86_64-mingw32/nios2-elf/lib\libc.a(lib_a-fstatr.o)
                0x000000000458d530                _fstat_r
 .text          0x000000000458d58c        0x0 c:/intelfpga/18.1/nios2eds/bin/gnu/h-x86_64-mingw32/bin/../lib/gcc/nios2-elf/5.3.0/../../../../../H-x86_64-mingw32/nios2-elf/lib\libc.a(lib_a-fvwrite.o)
 .text.__sfvwrite_r
                0x000000000458d58c      0x4bc c:/intelfpga/18.1/nios2eds/bin/gnu/h-x86_64-mingw32/bin/../lib/gcc/nios2-elf/5.3.0/../../../../../H-x86_64-mingw32/nios2-elf/lib\libc.a(lib_a-fvwrite.o)
                0x000000000458d58c                __sfvwrite_r
 .text          0x000000000458da48        0x0 c:/intelfpga/18.1/nios2eds/bin/gnu/h-x86_64-mingw32/bin/../lib/gcc/nios2-elf/5.3.0/../../../../../H-x86_64-mingw32/nios2-elf/lib\libc.a(lib_a-isattyr.o)
 .text._isatty_r
                0x000000000458da48       0x54 c:/intelfpga/18.1/nios2eds/bin/gnu/h-x86_64-mingw32/bin/../lib/gcc/nios2-elf/5.3.0/../../../../../H-x86_64-mingw32/nios2-elf/lib\libc.a(lib_a-isattyr.o)
                0x000000000458da48                _isatty_r
 .text          0x000000000458da9c        0x0 c:/intelfpga/18.1/nios2eds/bin/gnu/h-x86_64-mingw32/bin/../lib/gcc/nios2-elf/5.3.0/../../../../../H-x86_64-mingw32/nios2-elf/lib\libc.a(lib_a-lseekr.o)
 .text._lseek_r
                0x000000000458da9c       0x60 c:/intelfpga/18.1/nios2eds/bin/gnu/h-x86_64-mingw32/bin/../lib/gcc/nios2-elf/5.3.0/../../../../../H-x86_64-mingw32/nios2-elf/lib\libc.a(lib_a-lseekr.o)
                0x000000000458da9c                _lseek_r
 .text          0x000000000458dafc        0x0 c:/intelfpga/18.1/nios2eds/bin/gnu/h-x86_64-mingw32/bin/../lib/gcc/nios2-elf/5.3.0/../../../../../H-x86_64-mingw32/nios2-elf/lib\libc.a(lib_a-memmove.o)
 .text.memmove  0x000000000458dafc      0x15c c:/intelfpga/18.1/nios2eds/bin/gnu/h-x86_64-mingw32/bin/../lib/gcc/nios2-elf/5.3.0/../../../../../H-x86_64-mingw32/nios2-elf/lib\libc.a(lib_a-memmove.o)
                0x000000000458dafc                memmove
 .text          0x000000000458dc58        0x0 c:/intelfpga/18.1/nios2eds/bin/gnu/h-x86_64-mingw32/bin/../lib/gcc/nios2-elf/5.3.0/../../../../../H-x86_64-mingw32/nios2-elf/lib\libc.a(lib_a-readr.o)
 .text._read_r  0x000000000458dc58       0x60 c:/intelfpga/18.1/nios2eds/bin/gnu/h-x86_64-mingw32/bin/../lib/gcc/nios2-elf/5.3.0/../../../../../H-x86_64-mingw32/nios2-elf/lib\libc.a(lib_a-readr.o)
                0x000000000458dc58                _read_r
 .text          0x000000000458dcb8        0x0 c:/intelfpga/18.1/nios2eds/bin/gnu/h-x86_64-mingw32/bin/../lib/gcc/nios2-elf/5.3.0/../../../../../H-x86_64-mingw32/nios2-elf/lib\libc.a(lib_a-reallocr.o)
 .text._realloc_r
                0x000000000458dcb8      0x564 c:/intelfpga/18.1/nios2eds/bin/gnu/h-x86_64-mingw32/bin/../lib/gcc/nios2-elf/5.3.0/../../../../../H-x86_64-mingw32/nios2-elf/lib\libc.a(lib_a-reallocr.o)
                0x000000000458dcb8                _realloc_r
 .text          0x000000000458e21c        0x0 c:/intelfpga/18.1/nios2eds/bin/gnu/h-x86_64-mingw32/bin/../lib/gcc/nios2-elf/5.3.0/../../../../../H-x86_64-mingw32/nios2-elf/lib\libc.a(lib_a-wbuf.o)
 .text.__swbuf_r
                0x000000000458e21c      0x140 c:/intelfpga/18.1/nios2eds/bin/gnu/h-x86_64-mingw32/bin/../lib/gcc/nios2-elf/5.3.0/../../../../../H-x86_64-mingw32/nios2-elf/lib\libc.a(lib_a-wbuf.o)
                0x000000000458e21c                __swbuf_r
 .text.__swbuf  0x000000000458e35c       0x18 c:/intelfpga/18.1/nios2eds/bin/gnu/h-x86_64-mingw32/bin/../lib/gcc/nios2-elf/5.3.0/../../../../../H-x86_64-mingw32/nios2-elf/lib\libc.a(lib_a-wbuf.o)
                0x000000000458e35c                __swbuf
 .text          0x000000000458e374        0x0 c:/intelfpga/18.1/nios2eds/bin/gnu/h-x86_64-mingw32/bin/../lib/gcc/nios2-elf/5.3.0/../../../../../H-x86_64-mingw32/nios2-elf/lib\libc.a(lib_a-wcrtomb.o)
 .text._wcrtomb_r
                0x000000000458e374       0x9c c:/intelfpga/18.1/nios2eds/bin/gnu/h-x86_64-mingw32/bin/../lib/gcc/nios2-elf/5.3.0/../../../../../H-x86_64-mingw32/nios2-elf/lib\libc.a(lib_a-wcrtomb.o)
                0x000000000458e374                _wcrtomb_r
 .text.wcrtomb  0x000000000458e410       0xc0 c:/intelfpga/18.1/nios2eds/bin/gnu/h-x86_64-mingw32/bin/../lib/gcc/nios2-elf/5.3.0/../../../../../H-x86_64-mingw32/nios2-elf/lib\libc.a(lib_a-wcrtomb.o)
                0x000000000458e410                wcrtomb
 .text          0x000000000458e4d0        0x0 c:/intelfpga/18.1/nios2eds/bin/gnu/h-x86_64-mingw32/bin/../lib/gcc/nios2-elf/5.3.0/../../../../../H-x86_64-mingw32/nios2-elf/lib\libc.a(lib_a-wctomb_r.o)
 .text.__ascii_wctomb
                0x000000000458e4d0       0x30 c:/intelfpga/18.1/nios2eds/bin/gnu/h-x86_64-mingw32/bin/../lib/gcc/nios2-elf/5.3.0/../../../../../H-x86_64-mingw32/nios2-elf/lib\libc.a(lib_a-wctomb_r.o)
                0x000000000458e4d0                __ascii_wctomb
 .text._wctomb_r
                0x000000000458e500       0x5c c:/intelfpga/18.1/nios2eds/bin/gnu/h-x86_64-mingw32/bin/../lib/gcc/nios2-elf/5.3.0/../../../../../H-x86_64-mingw32/nios2-elf/lib\libc.a(lib_a-wctomb_r.o)
                0x000000000458e500                _wctomb_r
 .text          0x000000000458e55c      0x578 c:/intelfpga/18.1/nios2eds/bin/gnu/h-x86_64-mingw32/bin/../lib/gcc/nios2-elf/5.3.0\libgcc.a(_udivdi3.o)
                0x000000000458e55c                __udivdi3
 .text          0x000000000458ead4      0x538 c:/intelfpga/18.1/nios2eds/bin/gnu/h-x86_64-mingw32/bin/../lib/gcc/nios2-elf/5.3.0\libgcc.a(_umoddi3.o)
                0x000000000458ead4                __umoddi3
 .text          0x000000000458f00c      0x8ac c:/intelfpga/18.1/nios2eds/bin/gnu/h-x86_64-mingw32/bin/../lib/gcc/nios2-elf/5.3.0\libgcc.a(adddf3.o)
                0x000000000458f00c                __adddf3
 .text          0x000000000458f8b8      0x8e8 c:/intelfpga/18.1/nios2eds/bin/gnu/h-x86_64-mingw32/bin/../lib/gcc/nios2-elf/5.3.0\libgcc.a(divdf3.o)
                0x000000000458f8b8                __divdf3
 .text          0x00000000045901a0       0x88 c:/intelfpga/18.1/nios2eds/bin/gnu/h-x86_64-mingw32/bin/../lib/gcc/nios2-elf/5.3.0\libgcc.a(eqdf2.o)
                0x00000000045901a0                __nedf2
                0x00000000045901a0                __eqdf2
 .text          0x0000000004590228       0xdc c:/intelfpga/18.1/nios2eds/bin/gnu/h-x86_64-mingw32/bin/../lib/gcc/nios2-elf/5.3.0\libgcc.a(gedf2.o)
                0x0000000004590228                __gedf2
                0x0000000004590228                __gtdf2
 .text          0x0000000004590304       0xf4 c:/intelfpga/18.1/nios2eds/bin/gnu/h-x86_64-mingw32/bin/../lib/gcc/nios2-elf/5.3.0\libgcc.a(ledf2.o)
                0x0000000004590304                __ledf2
                0x0000000004590304                __ltdf2
 .text          0x00000000045903f8      0x718 c:/intelfpga/18.1/nios2eds/bin/gnu/h-x86_64-mingw32/bin/../lib/gcc/nios2-elf/5.3.0\libgcc.a(muldf3.o)
                0x00000000045903f8                __muldf3
 .text          0x0000000004590b10      0x8fc c:/intelfpga/18.1/nios2eds/bin/gnu/h-x86_64-mingw32/bin/../lib/gcc/nios2-elf/5.3.0\libgcc.a(subdf3.o)
                0x0000000004590b10                __subdf3
 .text          0x000000000459140c       0x80 c:/intelfpga/18.1/nios2eds/bin/gnu/h-x86_64-mingw32/bin/../lib/gcc/nios2-elf/5.3.0\libgcc.a(fixdfsi.o)
                0x000000000459140c                __fixdfsi
 .text          0x000000000459148c       0xdc c:/intelfpga/18.1/nios2eds/bin/gnu/h-x86_64-mingw32/bin/../lib/gcc/nios2-elf/5.3.0\libgcc.a(floatsidf.o)
                0x000000000459148c                __floatsidf
 .text          0x0000000004591568       0xa8 c:/intelfpga/18.1/nios2eds/bin/gnu/h-x86_64-mingw32/bin/../lib/gcc/nios2-elf/5.3.0\libgcc.a(floatunsidf.o)
                0x0000000004591568                __floatunsidf
 .text          0x0000000004591610        0x0 c:/intelfpga/18.1/nios2eds/bin/gnu/h-x86_64-mingw32/bin/../lib/gcc/nios2-elf/5.3.0\libgcc.a(_clz.o)
 .text          0x0000000004591610       0x64 c:/intelfpga/18.1/nios2eds/bin/gnu/h-x86_64-mingw32/bin/../lib/gcc/nios2-elf/5.3.0\libgcc.a(_clzsi2.o)
                0x0000000004591610                __clzsi2
 .text          0x0000000004591674       0xb8 ../os_bsp/\libucosii_bsp.a(alt_close.o)
                0x0000000004591674                close
 .text          0x000000000459172c       0x18 ../os_bsp/\libucosii_bsp.a(alt_dcache_flush_all.o)
                0x000000000459172c                alt_dcache_flush_all
 .text          0x0000000004591744        0x8 ../os_bsp/\libucosii_bsp.a(alt_dev.o)
 .text          0x000000000459174c        0x0 ../os_bsp/\libucosii_bsp.a(alt_errno.o)
 .text          0x000000000459174c       0x74 ../os_bsp/\libucosii_bsp.a(alt_fstat.o)
                0x000000000459174c                fstat
 .text          0x00000000045917c0       0xa8 ../os_bsp/\libucosii_bsp.a(alt_iic.o)
                0x00000000045917c0                alt_ic_isr_register
                0x00000000045917e0                alt_ic_irq_enable
                0x0000000004591818                alt_ic_irq_disable
                0x0000000004591850                alt_ic_irq_enabled
 .text          0x0000000004591868       0x6c ../os_bsp/\libucosii_bsp.a(alt_iic_isr_register.o)
                0x0000000004591868                alt_iic_isr_register
 .text          0x00000000045918d4        0x0 ../os_bsp/\libucosii_bsp.a(alt_irq_entry.o)
 .text          0x00000000045918d4        0x0 ../os_bsp/\libucosii_bsp.a(alt_irq_handler.o)
 .text          0x00000000045918d4        0x0 ../os_bsp/\libucosii_bsp.a(alt_irq_vars.o)
 .text          0x00000000045918d4       0x84 ../os_bsp/\libucosii_bsp.a(alt_isatty.o)
                0x00000000045918d4                isatty
 .text          0x0000000004591958      0x184 ../os_bsp/\libucosii_bsp.a(alt_load.o)
                0x0000000004591958                alt_load
 .text          0x0000000004591adc       0x90 ../os_bsp/\libucosii_bsp.a(alt_lseek.o)
                0x0000000004591adc                lseek
 .text          0x0000000004591b6c       0x90 ../os_bsp/\libucosii_bsp.a(alt_main.o)
                0x0000000004591b6c                alt_main
 .text          0x0000000004591bfc       0xd8 ../os_bsp/\libucosii_bsp.a(alt_read.o)
                0x0000000004591bfc                read
 .text          0x0000000004591cd4       0x24 ../os_bsp/\libucosii_bsp.a(alt_release_fd.o)
                0x0000000004591cd4                alt_release_fd
 .text          0x0000000004591cf8       0x4c ../os_bsp/\libucosii_bsp.a(alt_sbrk.o)
                0x0000000004591cf8                sbrk
 .text          0x0000000004591d44      0x108 ../os_bsp/\libucosii_bsp.a(alt_tick.o)
                0x0000000004591d44                alt_alarm_stop
                0x0000000004591d7c                alt_tick
 .text          0x0000000004591e4c       0xd4 ../os_bsp/\libucosii_bsp.a(alt_write.o)
                0x0000000004591e4c                write
 .text          0x0000000004591f20       0xb8 ../os_bsp/\libucosii_bsp.a(alt_env_lock.o)
                0x0000000004591f20                __env_lock
                0x0000000004591fa0                __env_unlock
 .text          0x0000000004591fd8      0x110 ../os_bsp/\libucosii_bsp.a(alt_malloc_lock.o)
                0x0000000004591fd8                __malloc_lock
                0x000000000459207c                __malloc_unlock
 .text          0x00000000045920e8     0x11e4 ../os_bsp/\libucosii_bsp.a(os_core.o)
                0x0000000004592124                OS_TaskIdle
                0x0000000004592158                OSIntEnter
                0x0000000004592180                OSIntExit
                0x000000000459222c                OSSchedLock
                0x0000000004592270                OSStart
                0x00000000045922c0                OSStatInit
                0x0000000004592324                OSTimeTick
                0x0000000004592444                OSVersion
                0x000000000459244c                OS_Dummy
                0x0000000004592450                OS_EventTaskWait
                0x00000000045924c4                OS_EventTaskWaitMulti
                0x0000000004592550                OS_EventTaskRemove
                0x0000000004592590                OS_EventTaskRemoveMulti
                0x00000000045925e8                OS_EventTaskRdy
                0x00000000045926d8                OS_EventWaitListInit
                0x00000000045926ec                OS_MemClr
                0x0000000004592718                OSInit
                0x0000000004592940                OS_MemCopy
                0x0000000004592974                OS_Sched
                0x0000000004592a00                OSEventPendMulti
                0x0000000004592da8                OSSchedUnlock
                0x0000000004592e20                OS_StrCopy
                0x0000000004592e64                OSEventNameGet
                0x0000000004592f24                OS_StrLen
                0x0000000004592f4c                OSEventNameSet
                0x0000000004593028                OS_TaskStatStkChk
                0x00000000045930bc                OS_TaskStat
                0x0000000004593150                OS_TCBInit
 .text          0x00000000045932cc        0x4 ../os_bsp/\libucosii_bsp.a(os_dbg.o)
                0x00000000045932cc                OSDebugInit
 .text          0x00000000045932d0      0xd50 ../os_bsp/\libucosii_bsp.a(os_flag.o)
                0x0000000004593360                OSFlagAccept
                0x00000000045934f4                OSFlagCreate
                0x0000000004593574                OSFlagNameGet
                0x0000000004593634                OSFlagNameSet
                0x0000000004593710                OSFlagPendGetFlagsRdy
                0x0000000004593730                OSFlagQuery
                0x000000000459378c                OS_FlagInit
                0x0000000004593820                OS_FlagUnlink
                0x00000000045938dc                OSFlagDel
                0x0000000004593a54                OSFlagPost
                0x0000000004593ca8                OSFlagPend
 .text          0x0000000004594020      0x414 ../os_bsp/\libucosii_bsp.a(os_mem.o)
                0x0000000004594020                OSMemCreate
                0x0000000004594120                OSMemGet
                0x000000000459418c                OSMemNameGet
                0x000000000459422c                OSMemNameSet
                0x00000000045942ec                OSMemPut
                0x0000000004594350                OSMemQuery
                0x00000000045943b4                OS_MemInit
 .text          0x0000000004594434      0xa30 ../os_bsp/\libucosii_bsp.a(os_q.o)
                0x0000000004594434                OSQAccept
                0x00000000045944d4                OSQCreate
                0x00000000045945bc                OSQDel
                0x0000000004594778                OSQFlush
                0x00000000045947c8                OSQPend
                0x0000000004594958                OSQPendAbort
                0x0000000004594a70                OSQPost
                0x0000000004594b38                OSQPostFront
                0x0000000004594c00                OSQPostOpt
                0x0000000004594d68                OSQQuery
                0x0000000004594e08                OS_QInit
 .text          0x0000000004594e64      0x640 ../os_bsp/\libucosii_bsp.a(os_sem.o)
                0x0000000004594e64                OSSemAccept
                0x0000000004594eb0                OSSemCreate
                0x0000000004594f34                OSSemDel
                0x00000000045950c0                OSSemPend
                0x0000000004595200                OSSemPendAbort
                0x0000000004595318                OSSemPost
                0x00000000045953bc                OSSemQuery
                0x0000000004595434                OSSemSet
 .text          0x00000000045954a4      0xf24 ../os_bsp/\libucosii_bsp.a(os_task.o)
                0x00000000045954a4                OSTaskChangePrio
                0x0000000004595740                OSTaskCreate
                0x0000000004595864                OSTaskDel
                0x0000000004595aa4                OSTaskDelReq
                0x0000000004595b6c                OSTaskNameGet
                0x0000000004595c78                OSTaskNameSet
                0x0000000004595da0                OSTaskResume
                0x0000000004595eb4                OSTaskStkChk
                0x0000000004595fe8                OSTaskSuspend
                0x000000000459612c                OSTaskQuery
                0x000000000459621c                OS_TaskStkClr
                0x0000000004596240                OSTaskCreateExt
 .text          0x00000000045963c8      0x2e8 ../os_bsp/\libucosii_bsp.a(os_time.o)
                0x00000000045963c8                OSTimeDly
                0x0000000004596448                OSTimeDlyHMSM
                0x0000000004596564                OSTimeDlyResume
                0x0000000004596678                OSTimeGet
                0x0000000004596694                OSTimeSet
 .text          0x00000000045966b0       0x78 ../os_bsp/\libucosii_bsp.a(alt_sys_init.o)
                0x00000000045966b0                alt_irq_init
                0x00000000045966d0                alt_sys_init
 .text          0x0000000004596728       0x8c ../os_bsp/\libucosii_bsp.a(altera_avalon_jtag_uart_fd.o)
                0x0000000004596728                altera_avalon_jtag_uart_read_fd
                0x000000000459674c                altera_avalon_jtag_uart_write_fd
                0x0000000004596770                altera_avalon_jtag_uart_close_fd
                0x0000000004596794                altera_avalon_jtag_uart_ioctl_fd
 .text          0x00000000045967b4      0x320 ../os_bsp/\libucosii_bsp.a(altera_avalon_jtag_uart_init.o)
                0x00000000045969d8                altera_avalon_jtag_uart_init
                0x0000000004596a98                altera_avalon_jtag_uart_close
 .text          0x0000000004596ad4       0x88 ../os_bsp/\libucosii_bsp.a(altera_avalon_jtag_uart_ioctl.o)
                0x0000000004596ad4                altera_avalon_jtag_uart_ioctl
 .text          0x0000000004596b5c      0x1c0 ../os_bsp/\libucosii_bsp.a(altera_avalon_jtag_uart_read.o)
                0x0000000004596b5c                altera_avalon_jtag_uart_read
 .text          0x0000000004596d1c      0x210 ../os_bsp/\libucosii_bsp.a(altera_avalon_jtag_uart_write.o)
                0x0000000004596d1c                altera_avalon_jtag_uart_write
 .text          0x0000000004596f2c       0x84 ../os_bsp/\libucosii_bsp.a(altera_avalon_timer_sc.o)
                0x0000000004596f68                alt_avalon_timer_sc_init
 .text          0x0000000004596fb0       0x80 ../os_bsp/\libucosii_bsp.a(alt_alarm_start.o)
                0x0000000004596fb0                alt_alarm_start
 .text          0x0000000004597030       0x74 ../os_bsp/\libucosii_bsp.a(alt_dev_llist_insert.o)
                0x0000000004597030                alt_dev_llist_insert
 .text          0x00000000045970a4       0x78 ../os_bsp/\libucosii_bsp.a(alt_do_ctors.o)
                0x00000000045970a4                _do_ctors
 .text          0x000000000459711c       0x78 ../os_bsp/\libucosii_bsp.a(alt_do_dtors.o)
                0x000000000459711c                _do_dtors
 .text          0x0000000004597194        0x0 ../os_bsp/\libucosii_bsp.a(alt_exception_entry.o)
 .text          0x0000000004597194       0x20 ../os_bsp/\libucosii_bsp.a(alt_icache_flush_all.o)
                0x0000000004597194                alt_icache_flush_all
 .text          0x00000000045971b4       0xf8 ../os_bsp/\libucosii_bsp.a(alt_io_redirect.o)
                0x0000000004597218                alt_io_redirect
 .text          0x00000000045972ac      0x190 ../os_bsp/\libucosii_bsp.a(alt_open.o)
                0x00000000045972ac                open
 .text          0x000000000459743c        0x8 ../os_bsp/\libucosii_bsp.a(altera_nios2_qsys_irq.o)
                0x000000000459743c                altera_nios2_qsys_irq_init
 .text          0x0000000004597444       0xd0 ../os_bsp/\libucosii_bsp.a(os_cpu_a.o)
                0x0000000004597444                OSCtxSw
                0x0000000004597444                OSIntCtxSw
                0x00000000045974d0                OSStartHighRdy
                0x00000000045974f0                OSStartTsk
 .text          0x0000000004597514       0xfc ../os_bsp/\libucosii_bsp.a(os_cpu_c.o)
                0x0000000004597514                OSTaskStkInit
                0x00000000045975ec                OSTaskCreateHook
                0x00000000045975f0                OSTaskDelHook
                0x00000000045975f4                OSTaskSwHook
                0x00000000045975f8                OSTaskStatHook
                0x00000000045975fc                OSTimeTickHook
                0x0000000004597600                OSInitHookBegin
                0x0000000004597604                OSInitHookEnd
                0x0000000004597608                OSTaskIdleHook
                0x000000000459760c                OSTCBInitHook
 .text          0x0000000004597610       0x7c ../os_bsp/\libucosii_bsp.a(alt_find_dev.o)
                0x0000000004597610                alt_find_dev
 .text          0x000000000459768c       0xc0 ../os_bsp/\libucosii_bsp.a(alt_find_file.o)
                0x000000000459768c                alt_find_file
 .text          0x000000000459774c       0xa8 ../os_bsp/\libucosii_bsp.a(alt_get_fd.o)
                0x000000000459774c                alt_get_fd
 .text          0x00000000045977f4       0x58 ../os_bsp/\libucosii_bsp.a(alt_icache_flush.o)
                0x00000000045977f4                alt_icache_flush
 .text          0x000000000459784c        0x0 c:/intelfpga/18.1/nios2eds/bin/gnu/h-x86_64-mingw32/bin/../lib/gcc/nios2-elf/5.3.0/../../../../../H-x86_64-mingw32/nios2-elf/lib\libc.a(lib_a-atexit.o)
 .text.atexit   0x000000000459784c       0x14 c:/intelfpga/18.1/nios2eds/bin/gnu/h-x86_64-mingw32/bin/../lib/gcc/nios2-elf/5.3.0/../../../../../H-x86_64-mingw32/nios2-elf/lib\libc.a(lib_a-atexit.o)
                0x000000000459784c                atexit
 .text          0x0000000004597860        0x0 c:/intelfpga/18.1/nios2eds/bin/gnu/h-x86_64-mingw32/bin/../lib/gcc/nios2-elf/5.3.0/../../../../../H-x86_64-mingw32/nios2-elf/lib\libc.a(lib_a-exit.o)
 .text.exit     0x0000000004597860       0x38 c:/intelfpga/18.1/nios2eds/bin/gnu/h-x86_64-mingw32/bin/../lib/gcc/nios2-elf/5.3.0/../../../../../H-x86_64-mingw32/nios2-elf/lib\libc.a(lib_a-exit.o)
                0x0000000004597860                exit
 .text          0x0000000004597898        0x0 c:/intelfpga/18.1/nios2eds/bin/gnu/h-x86_64-mingw32/bin/../lib/gcc/nios2-elf/5.3.0/../../../../../H-x86_64-mingw32/nios2-elf/lib\libc.a(lib_a-memcmp.o)
 .text.memcmp   0x0000000004597898       0x7c c:/intelfpga/18.1/nios2eds/bin/gnu/h-x86_64-mingw32/bin/../lib/gcc/nios2-elf/5.3.0/../../../../../H-x86_64-mingw32/nios2-elf/lib\libc.a(lib_a-memcmp.o)
                0x0000000004597898                memcmp
 .text          0x0000000004597914        0x0 c:/intelfpga/18.1/nios2eds/bin/gnu/h-x86_64-mingw32/bin/../lib/gcc/nios2-elf/5.3.0/../../../../../H-x86_64-mingw32/nios2-elf/lib\libc.a(lib_a-__atexit.o)
 .text.__register_exitproc
                0x0000000004597914      0x118 c:/intelfpga/18.1/nios2eds/bin/gnu/h-x86_64-mingw32/bin/../lib/gcc/nios2-elf/5.3.0/../../../../../H-x86_64-mingw32/nios2-elf/lib\libc.a(lib_a-__atexit.o)
                0x0000000004597914                __register_exitproc
 .text          0x0000000004597a2c        0x0 c:/intelfpga/18.1/nios2eds/bin/gnu/h-x86_64-mingw32/bin/../lib/gcc/nios2-elf/5.3.0/../../../../../H-x86_64-mingw32/nios2-elf/lib\libc.a(lib_a-__call_atexit.o)
 .text.__call_exitprocs
                0x0000000004597a2c      0x180 c:/intelfpga/18.1/nios2eds/bin/gnu/h-x86_64-mingw32/bin/../lib/gcc/nios2-elf/5.3.0/../../../../../H-x86_64-mingw32/nios2-elf/lib\libc.a(lib_a-__call_atexit.o)
                0x0000000004597a2c                __call_exitprocs
 .text          0x0000000004597bac       0x18 ../os_bsp/\libucosii_bsp.a(alt_exit.o)
                0x0000000004597bac                _exit
 *(.gnu.warning.*)
 *(.fini)
                [!provide]                        PROVIDE (__etext, ABSOLUTE (.))
                [!provide]                        PROVIDE (_etext, ABSOLUTE (.))
                [!provide]                        PROVIDE (etext, ABSOLUTE (.))
 *(.eh_frame_hdr)
                0x0000000004597bc4                . = ALIGN (0x4)
                [!provide]                        PROVIDE (__preinit_array_start, ABSOLUTE (.))
 *(.preinit_array)
                [!provide]                        PROVIDE (__preinit_array_end, ABSOLUTE (.))
                [!provide]                        PROVIDE (__init_array_start, ABSOLUTE (.))
 *(.init_array)
                [!provide]                        PROVIDE (__init_array_end, ABSOLUTE (.))
                [!provide]                        PROVIDE (__fini_array_start, ABSOLUTE (.))
 *(.fini_array)
                [!provide]                        PROVIDE (__fini_array_end, ABSOLUTE (.))
 *(.eh_frame)
 *(.gcc_except_table .gcc_except_table.*)
 *(.dynamic)
                0x0000000004597bc4                PROVIDE (__CTOR_LIST__, ABSOLUTE (.))
 *(.ctors)
 *(SORT(.ctors.*))
                0x0000000004597bc4                PROVIDE (__CTOR_END__, ABSOLUTE (.))
                0x0000000004597bc4                PROVIDE (__DTOR_LIST__, ABSOLUTE (.))
 *(.dtors)
 *(SORT(.dtors.*))
                0x0000000004597bc4                PROVIDE (__DTOR_END__, ABSOLUTE (.))
 *(.jcr)
                0x0000000004597bc4                . = ALIGN (0x4)

.rodata         0x0000000004597bc4   0x5f46f8
                0x0000000004597bc4                PROVIDE (__ram_rodata_start, ABSOLUTE (.))
                0x0000000004597bc4                . = ALIGN (0x4)
 *(.rodata .rodata.* .gnu.linkonce.r.*)
 .rodata        0x0000000004597bc4     0x77f2 obj/default/fonts/tahomabold_20.o
 .rodata        0x000000000459f3b6    0x12520 obj/default/fonts/tahomabold_32.o
 *fill*         0x00000000045b18d6        0x2 
 .rodata.str1.4
                0x00000000045b18d8        0xe obj/default/graphic_lib/draw_gimps.o
 *fill*         0x00000000045b18e6        0x2 
 .rodata.str1.4
                0x00000000045b18e8       0x6d obj/default/hello_ucosii.o
 *fill*         0x00000000045b1955        0x3 
 .rodata        0x00000000045b1958     0x28cc obj/default/imagenes/back_down.o
                0x00000000045b1958                back_down
 .rodata        0x00000000045b4224     0x28cc obj/default/imagenes/back_up.o
                0x00000000045b4224                back_up
 .rodata        0x00000000045b6af0     0x28cc obj/default/imagenes/ford_down.o
                0x00000000045b6af0                ford_down
 .rodata        0x00000000045b93bc     0x28cc obj/default/imagenes/ford_up.o
                0x00000000045b93bc                ford_up
 .rodata        0x00000000045bbc88     0x8dd0 obj/default/imagenes/pause_down.o
                0x00000000045bbc88                pause_down
 .rodata        0x00000000045c4a58     0x8dd0 obj/default/imagenes/pause_up.o
                0x00000000045c4a58                pause_up
 .rodata        0x00000000045cd828     0x7820 obj/default/imagenes/play_down.o
                0x00000000045cd828                play_down
 .rodata        0x00000000045d5048     0x7820 obj/default/imagenes/play_up.o
                0x00000000045d5048                play_up
 .rodata        0x00000000045dc868     0x7f88 obj/default/imagenes/stop_down.o
                0x00000000045dc868                stop_down
 .rodata        0x00000000045e47f0     0x7f88 obj/default/imagenes/stop_up.o
                0x00000000045e47f0                stop_up
 .rodata        0x00000000045ec778   0x142440 obj/default/song/song0.o
                0x00000000045ec778                song0
 .rodata        0x000000000472ebb8   0x22e980 obj/default/song/song1.o
                0x000000000472ebb8                song1
 .rodata        0x000000000495d538   0x22e980 obj/default/song/song2.o
                0x000000000495d538                song2
 .rodata.str1.4
                0x0000000004b8beb8       0x42 c:/intelfpga/18.1/nios2eds/bin/gnu/h-x86_64-mingw32/bin/../lib/gcc/nios2-elf/5.3.0/../../../../../H-x86_64-mingw32/nios2-elf/lib\libc.a(lib_a-vfprintf.o)
 .rodata.zeroes.4404
                0x0000000004b8befa       0x10 c:/intelfpga/18.1/nios2eds/bin/gnu/h-x86_64-mingw32/bin/../lib/gcc/nios2-elf/5.3.0/../../../../../H-x86_64-mingw32/nios2-elf/lib\libc.a(lib_a-vfprintf.o)
 .rodata.blanks.4403
                0x0000000004b8bf0a       0x10 c:/intelfpga/18.1/nios2eds/bin/gnu/h-x86_64-mingw32/bin/../lib/gcc/nios2-elf/5.3.0/../../../../../H-x86_64-mingw32/nios2-elf/lib\libc.a(lib_a-vfprintf.o)
 *fill*         0x0000000004b8bf1a        0x2 
 .rodata.str1.4
                0x0000000004b8bf1c       0x10 c:/intelfpga/18.1/nios2eds/bin/gnu/h-x86_64-mingw32/bin/../lib/gcc/nios2-elf/5.3.0/../../../../../H-x86_64-mingw32/nios2-elf/lib\libc.a(lib_a-dtoa.o)
                                         0x12 (size before relaxing)
 .rodata.str1.4
                0x0000000004b8bf2c        0x2 c:/intelfpga/18.1/nios2eds/bin/gnu/h-x86_64-mingw32/bin/../lib/gcc/nios2-elf/5.3.0/../../../../../H-x86_64-mingw32/nios2-elf/lib\libc.a(lib_a-impure.o)
 *fill*         0x0000000004b8bf2e        0x2 
 .rodata.str1.4
                0x0000000004b8bf30        0xa c:/intelfpga/18.1/nios2eds/bin/gnu/h-x86_64-mingw32/bin/../lib/gcc/nios2-elf/5.3.0/../../../../../H-x86_64-mingw32/nios2-elf/lib\libc.a(lib_a-locale.o)
                                         0x12 (size before relaxing)
 *fill*         0x0000000004b8bf3a        0x2 
 .rodata.p05.2768
                0x0000000004b8bf3c        0xc c:/intelfpga/18.1/nios2eds/bin/gnu/h-x86_64-mingw32/bin/../lib/gcc/nios2-elf/5.3.0/../../../../../H-x86_64-mingw32/nios2-elf/lib\libc.a(lib_a-mprec.o)
 .rodata.__mprec_tinytens
                0x0000000004b8bf48       0x28 c:/intelfpga/18.1/nios2eds/bin/gnu/h-x86_64-mingw32/bin/../lib/gcc/nios2-elf/5.3.0/../../../../../H-x86_64-mingw32/nios2-elf/lib\libc.a(lib_a-mprec.o)
                0x0000000004b8bf48                __mprec_tinytens
 .rodata.__mprec_bigtens
                0x0000000004b8bf70       0x28 c:/intelfpga/18.1/nios2eds/bin/gnu/h-x86_64-mingw32/bin/../lib/gcc/nios2-elf/5.3.0/../../../../../H-x86_64-mingw32/nios2-elf/lib\libc.a(lib_a-mprec.o)
                0x0000000004b8bf70                __mprec_bigtens
 .rodata.__mprec_tens
                0x0000000004b8bf98       0xc8 c:/intelfpga/18.1/nios2eds/bin/gnu/h-x86_64-mingw32/bin/../lib/gcc/nios2-elf/5.3.0/../../../../../H-x86_64-mingw32/nios2-elf/lib\libc.a(lib_a-mprec.o)
                0x0000000004b8bf98                __mprec_tens
 .rodata.str1.4
                0x0000000004b8c060       0x2f c:/intelfpga/18.1/nios2eds/bin/gnu/h-x86_64-mingw32/bin/../lib/gcc/nios2-elf/5.3.0/../../../../../H-x86_64-mingw32/nios2-elf/lib\libc.a(lib_a-vfiprintf.o)
 .rodata.zeroes.4349
                0x0000000004b8c060       0x10 c:/intelfpga/18.1/nios2eds/bin/gnu/h-x86_64-mingw32/bin/../lib/gcc/nios2-elf/5.3.0/../../../../../H-x86_64-mingw32/nios2-elf/lib\libc.a(lib_a-vfiprintf.o)
 .rodata.blanks.4348
                0x0000000004b8c070       0x10 c:/intelfpga/18.1/nios2eds/bin/gnu/h-x86_64-mingw32/bin/../lib/gcc/nios2-elf/5.3.0/../../../../../H-x86_64-mingw32/nios2-elf/lib\libc.a(lib_a-vfiprintf.o)
 .rodata        0x0000000004b8c080      0x100 c:/intelfpga/18.1/nios2eds/bin/gnu/h-x86_64-mingw32/bin/../lib/gcc/nios2-elf/5.3.0\libgcc.a(_clz.o)
                0x0000000004b8c080                __clz_tab
 .rodata.str1.4
                0x0000000004b8c180        0xa ../os_bsp/\libucosii_bsp.a(alt_dev.o)
 *fill*         0x0000000004b8c18a        0x2 
 .rodata.str1.4
                0x0000000004b8c18c        0xf ../os_bsp/\libucosii_bsp.a(alt_main.o)
 *fill*         0x0000000004b8c19b        0x1 
 .rodata.str1.4
                0x0000000004b8c19c       0x20 ../os_bsp/\libucosii_bsp.a(os_core.o)
                                         0x1e (size before relaxing)
 .rodata        0x0000000004b8c1bc      0x100 ../os_bsp/\libucosii_bsp.a(os_core.o)
                0x0000000004b8c1bc                OSUnMapTbl
 .rodata.str1.4
                0x0000000004b8c2bc        0xf ../os_bsp/\libucosii_bsp.a(alt_sys_init.o)
 .rodata.str1.4
                0x0000000004b8c2bc        0x2 ../os_bsp/\libucosii_bsp.a(os_cpu_c.o)
 *(.rodata1)
                0x0000000004b8c2cc                . = ALIGN (0x4)
                0x0000000004b8c2cc                PROVIDE (__ram_rodata_end, ABSOLUTE (.))
                0x0000000004597bc4                PROVIDE (__flash_rodata_start, LOADADDR (.rodata))

.rwdata         0x0000000004b8c2bc     0x3730 load address 0x0000000004b8f9ec
                0x0000000004b8c2bc                PROVIDE (__ram_rwdata_start, ABSOLUTE (.))
                0x0000000004b8c2bc                . = ALIGN (0x4)
 *(.got.plt)
 *(.got)
 *(.data1)
 *(.data .data.* .gnu.linkonce.d.*)
 .data          0x0000000004b8c2bc        0x0 ../os_bsp//obj/HAL/src/crt0.o
 .data          0x0000000004b8c2bc        0x0 obj/default/drivers/drivers.o
 .data          0x0000000004b8c2bc      0xbc0 obj/default/fonts/tahomabold_20.o
                0x0000000004b8c2bc                tahomabold_20
 .data          0x0000000004b8ce7c      0xbc0 obj/default/fonts/tahomabold_32.o
                0x0000000004b8ce7c                tahomabold_32
 .data          0x0000000004b8da3c        0x0 obj/default/frame.o
 .data          0x0000000004b8da3c        0x0 obj/default/graphic_lib/draw_gimps.o
 .data          0x0000000004b8da3c        0x0 obj/default/graphic_lib/gimp_bmp.o
 .data          0x0000000004b8da3c      0x415 obj/default/graphic_lib/simple_graphics.o
                0x0000000004b8da3c                cour10_font_array
 .data          0x0000000004b8de51        0x0 obj/default/graphic_lib/simple_text.o
 *fill*         0x0000000004b8de51        0x3 
 .data          0x0000000004b8de54       0x18 obj/default/hello_ucosii.o
                0x0000000004b8de54                song_len
                0x0000000004b8de60                songs
 .data          0x0000000004b8de6c        0x0 obj/default/imagenes/back_down.o
 .data          0x0000000004b8de6c        0x0 obj/default/imagenes/back_up.o
 .data          0x0000000004b8de6c        0x0 obj/default/imagenes/ford_down.o
 .data          0x0000000004b8de6c        0x0 obj/default/imagenes/ford_up.o
 .data          0x0000000004b8de6c        0x0 obj/default/imagenes/pause_down.o
 .data          0x0000000004b8de6c        0x0 obj/default/imagenes/pause_up.o
 .data          0x0000000004b8de6c        0x0 obj/default/imagenes/play_down.o
 .data          0x0000000004b8de6c        0x0 obj/default/imagenes/play_up.o
 .data          0x0000000004b8de6c        0x0 obj/default/imagenes/stop_down.o
 .data          0x0000000004b8de6c        0x0 obj/default/imagenes/stop_up.o
 .data          0x0000000004b8de6c        0x0 obj/default/song/song0.o
 .data          0x0000000004b8de6c        0x0 obj/default/song/song1.o
 .data          0x0000000004b8de6c        0x0 obj/default/song/song2.o
 .data          0x0000000004b8de6c        0x0 obj/default/student_code/student_code.o
 .data          0x0000000004b8de6c        0x0 obj/default/vip_fr.o
 .data          0x0000000004b8de6c        0x0 c:/intelfpga/18.1/nios2eds/bin/gnu/h-x86_64-mingw32/bin/../lib/gcc/nios2-elf/5.3.0\libgcc.a(lib2-divmod.o)
 .data          0x0000000004b8de6c        0x0 c:/intelfpga/18.1/nios2eds/bin/gnu/h-x86_64-mingw32/bin/../lib/gcc/nios2-elf/5.3.0\libgcc.a(fixsfsi.o)
 .data          0x0000000004b8de6c        0x0 c:/intelfpga/18.1/nios2eds/bin/gnu/h-x86_64-mingw32/bin/../lib/gcc/nios2-elf/5.3.0/../../../../../H-x86_64-mingw32/nios2-elf/lib\libc.a(lib_a-malloc.o)
 .data          0x0000000004b8de6c        0x0 c:/intelfpga/18.1/nios2eds/bin/gnu/h-x86_64-mingw32/bin/../lib/gcc/nios2-elf/5.3.0/../../../../../H-x86_64-mingw32/nios2-elf/lib\libc.a(lib_a-mallocr.o)
 .data.__malloc_av_
                0x0000000004b8de6c      0x408 c:/intelfpga/18.1/nios2eds/bin/gnu/h-x86_64-mingw32/bin/../lib/gcc/nios2-elf/5.3.0/../../../../../H-x86_64-mingw32/nios2-elf/lib\libc.a(lib_a-mallocr.o)
                0x0000000004b8de6c                __malloc_av_
 .data          0x0000000004b8e274        0x0 c:/intelfpga/18.1/nios2eds/bin/gnu/h-x86_64-mingw32/bin/../lib/gcc/nios2-elf/5.3.0/../../../../../H-x86_64-mingw32/nios2-elf/lib\libc.a(lib_a-memcpy.o)
 .data          0x0000000004b8e274        0x0 c:/intelfpga/18.1/nios2eds/bin/gnu/h-x86_64-mingw32/bin/../lib/gcc/nios2-elf/5.3.0/../../../../../H-x86_64-mingw32/nios2-elf/lib\libc.a(lib_a-memset.o)
 .data          0x0000000004b8e274        0x0 c:/intelfpga/18.1/nios2eds/bin/gnu/h-x86_64-mingw32/bin/../lib/gcc/nios2-elf/5.3.0/../../../../../H-x86_64-mingw32/nios2-elf/lib\libc.a(lib_a-printf.o)
 .data          0x0000000004b8e274        0x0 c:/intelfpga/18.1/nios2eds/bin/gnu/h-x86_64-mingw32/bin/../lib/gcc/nios2-elf/5.3.0/../../../../../H-x86_64-mingw32/nios2-elf/lib\libc.a(lib_a-sbrkr.o)
 .data          0x0000000004b8e274        0x0 c:/intelfpga/18.1/nios2eds/bin/gnu/h-x86_64-mingw32/bin/../lib/gcc/nios2-elf/5.3.0/../../../../../H-x86_64-mingw32/nios2-elf/lib\libc.a(lib_a-strcpy.o)
 .data          0x0000000004b8e274        0x0 c:/intelfpga/18.1/nios2eds/bin/gnu/h-x86_64-mingw32/bin/../lib/gcc/nios2-elf/5.3.0/../../../../../H-x86_64-mingw32/nios2-elf/lib\libc.a(lib_a-strlen.o)
 .data          0x0000000004b8e274        0x0 c:/intelfpga/18.1/nios2eds/bin/gnu/h-x86_64-mingw32/bin/../lib/gcc/nios2-elf/5.3.0/../../../../../H-x86_64-mingw32/nios2-elf/lib\libc.a(lib_a-vfprintf.o)
 .data          0x0000000004b8e274        0x0 c:/intelfpga/18.1/nios2eds/bin/gnu/h-x86_64-mingw32/bin/../lib/gcc/nios2-elf/5.3.0/../../../../../H-x86_64-mingw32/nios2-elf/lib\libc.a(lib_a-wsetup.o)
 .data          0x0000000004b8e274        0x0 c:/intelfpga/18.1/nios2eds/bin/gnu/h-x86_64-mingw32/bin/../lib/gcc/nios2-elf/5.3.0/../../../../../H-x86_64-mingw32/nios2-elf/lib\libc.a(lib_a-dtoa.o)
 .data          0x0000000004b8e274        0x0 c:/intelfpga/18.1/nios2eds/bin/gnu/h-x86_64-mingw32/bin/../lib/gcc/nios2-elf/5.3.0/../../../../../H-x86_64-mingw32/nios2-elf/lib\libc.a(lib_a-fflush.o)
 .data          0x0000000004b8e274        0x0 c:/intelfpga/18.1/nios2eds/bin/gnu/h-x86_64-mingw32/bin/../lib/gcc/nios2-elf/5.3.0/../../../../../H-x86_64-mingw32/nios2-elf/lib\libc.a(lib_a-findfp.o)
 .data          0x0000000004b8e274        0x0 c:/intelfpga/18.1/nios2eds/bin/gnu/h-x86_64-mingw32/bin/../lib/gcc/nios2-elf/5.3.0/../../../../../H-x86_64-mingw32/nios2-elf/lib\libc.a(lib_a-freer.o)
 .data          0x0000000004b8e274        0x0 c:/intelfpga/18.1/nios2eds/bin/gnu/h-x86_64-mingw32/bin/../lib/gcc/nios2-elf/5.3.0/../../../../../H-x86_64-mingw32/nios2-elf/lib\libc.a(lib_a-fwalk.o)
 .data          0x0000000004b8e274        0x0 c:/intelfpga/18.1/nios2eds/bin/gnu/h-x86_64-mingw32/bin/../lib/gcc/nios2-elf/5.3.0/../../../../../H-x86_64-mingw32/nios2-elf/lib\libc.a(lib_a-impure.o)
 .data.impure_data
                0x0000000004b8e274      0x424 c:/intelfpga/18.1/nios2eds/bin/gnu/h-x86_64-mingw32/bin/../lib/gcc/nios2-elf/5.3.0/../../../../../H-x86_64-mingw32/nios2-elf/lib\libc.a(lib_a-impure.o)
 .data          0x0000000004b8e698        0x0 c:/intelfpga/18.1/nios2eds/bin/gnu/h-x86_64-mingw32/bin/../lib/gcc/nios2-elf/5.3.0/../../../../../H-x86_64-mingw32/nios2-elf/lib\libc.a(lib_a-int_errno.o)
 .data          0x0000000004b8e698        0x0 c:/intelfpga/18.1/nios2eds/bin/gnu/h-x86_64-mingw32/bin/../lib/gcc/nios2-elf/5.3.0/../../../../../H-x86_64-mingw32/nios2-elf/lib\libc.a(lib_a-locale.o)
 .data.lc_message_charset
                0x0000000004b8e698       0x20 c:/intelfpga/18.1/nios2eds/bin/gnu/h-x86_64-mingw32/bin/../lib/gcc/nios2-elf/5.3.0/../../../../../H-x86_64-mingw32/nios2-elf/lib\libc.a(lib_a-locale.o)
 .data.lc_ctype_charset
                0x0000000004b8e6b8       0x20 c:/intelfpga/18.1/nios2eds/bin/gnu/h-x86_64-mingw32/bin/../lib/gcc/nios2-elf/5.3.0/../../../../../H-x86_64-mingw32/nios2-elf/lib\libc.a(lib_a-locale.o)
 .data.lconv    0x0000000004b8e6d8       0x38 c:/intelfpga/18.1/nios2eds/bin/gnu/h-x86_64-mingw32/bin/../lib/gcc/nios2-elf/5.3.0/../../../../../H-x86_64-mingw32/nios2-elf/lib\libc.a(lib_a-locale.o)
 .data          0x0000000004b8e710        0x0 c:/intelfpga/18.1/nios2eds/bin/gnu/h-x86_64-mingw32/bin/../lib/gcc/nios2-elf/5.3.0/../../../../../H-x86_64-mingw32/nios2-elf/lib\libc.a(lib_a-makebuf.o)
 .data          0x0000000004b8e710        0x0 c:/intelfpga/18.1/nios2eds/bin/gnu/h-x86_64-mingw32/bin/../lib/gcc/nios2-elf/5.3.0/../../../../../H-x86_64-mingw32/nios2-elf/lib\libc.a(lib_a-memchr.o)
 .data          0x0000000004b8e710        0x0 c:/intelfpga/18.1/nios2eds/bin/gnu/h-x86_64-mingw32/bin/../lib/gcc/nios2-elf/5.3.0/../../../../../H-x86_64-mingw32/nios2-elf/lib\libc.a(lib_a-mprec.o)
 .data          0x0000000004b8e710        0x0 c:/intelfpga/18.1/nios2eds/bin/gnu/h-x86_64-mingw32/bin/../lib/gcc/nios2-elf/5.3.0/../../../../../H-x86_64-mingw32/nios2-elf/lib\libc.a(lib_a-s_fpclassify.o)
 .data          0x0000000004b8e710        0x0 c:/intelfpga/18.1/nios2eds/bin/gnu/h-x86_64-mingw32/bin/../lib/gcc/nios2-elf/5.3.0/../../../../../H-x86_64-mingw32/nios2-elf/lib\libc.a(lib_a-stdio.o)
 .data          0x0000000004b8e710        0x0 c:/intelfpga/18.1/nios2eds/bin/gnu/h-x86_64-mingw32/bin/../lib/gcc/nios2-elf/5.3.0/../../../../../H-x86_64-mingw32/nios2-elf/lib\libc.a(lib_a-strcmp.o)
 .data          0x0000000004b8e710        0x0 c:/intelfpga/18.1/nios2eds/bin/gnu/h-x86_64-mingw32/bin/../lib/gcc/nios2-elf/5.3.0/../../../../../H-x86_64-mingw32/nios2-elf/lib\libc.a(lib_a-vfiprintf.o)
 .data          0x0000000004b8e710        0x0 c:/intelfpga/18.1/nios2eds/bin/gnu/h-x86_64-mingw32/bin/../lib/gcc/nios2-elf/5.3.0/../../../../../H-x86_64-mingw32/nios2-elf/lib\libc.a(lib_a-writer.o)
 .data          0x0000000004b8e710        0x0 c:/intelfpga/18.1/nios2eds/bin/gnu/h-x86_64-mingw32/bin/../lib/gcc/nios2-elf/5.3.0/../../../../../H-x86_64-mingw32/nios2-elf/lib\libc.a(closer.o)
 .data          0x0000000004b8e710        0x0 c:/intelfpga/18.1/nios2eds/bin/gnu/h-x86_64-mingw32/bin/../lib/gcc/nios2-elf/5.3.0/../../../../../H-x86_64-mingw32/nios2-elf/lib\libc.a(lib_a-callocr.o)
 .data          0x0000000004b8e710        0x0 c:/intelfpga/18.1/nios2eds/bin/gnu/h-x86_64-mingw32/bin/../lib/gcc/nios2-elf/5.3.0/../../../../../H-x86_64-mingw32/nios2-elf/lib\libc.a(lib_a-fclose.o)
 .data          0x0000000004b8e710        0x0 c:/intelfpga/18.1/nios2eds/bin/gnu/h-x86_64-mingw32/bin/../lib/gcc/nios2-elf/5.3.0/../../../../../H-x86_64-mingw32/nios2-elf/lib\libc.a(lib_a-fputwc.o)
 .data          0x0000000004b8e710        0x0 c:/intelfpga/18.1/nios2eds/bin/gnu/h-x86_64-mingw32/bin/../lib/gcc/nios2-elf/5.3.0/../../../../../H-x86_64-mingw32/nios2-elf/lib\libc.a(lib_a-fstatr.o)
 .data          0x0000000004b8e710        0x0 c:/intelfpga/18.1/nios2eds/bin/gnu/h-x86_64-mingw32/bin/../lib/gcc/nios2-elf/5.3.0/../../../../../H-x86_64-mingw32/nios2-elf/lib\libc.a(lib_a-fvwrite.o)
 .data          0x0000000004b8e710        0x0 c:/intelfpga/18.1/nios2eds/bin/gnu/h-x86_64-mingw32/bin/../lib/gcc/nios2-elf/5.3.0/../../../../../H-x86_64-mingw32/nios2-elf/lib\libc.a(lib_a-isattyr.o)
 .data          0x0000000004b8e710        0x0 c:/intelfpga/18.1/nios2eds/bin/gnu/h-x86_64-mingw32/bin/../lib/gcc/nios2-elf/5.3.0/../../../../../H-x86_64-mingw32/nios2-elf/lib\libc.a(lib_a-lseekr.o)
 .data          0x0000000004b8e710        0x0 c:/intelfpga/18.1/nios2eds/bin/gnu/h-x86_64-mingw32/bin/../lib/gcc/nios2-elf/5.3.0/../../../../../H-x86_64-mingw32/nios2-elf/lib\libc.a(lib_a-memmove.o)
 .data          0x0000000004b8e710        0x0 c:/intelfpga/18.1/nios2eds/bin/gnu/h-x86_64-mingw32/bin/../lib/gcc/nios2-elf/5.3.0/../../../../../H-x86_64-mingw32/nios2-elf/lib\libc.a(lib_a-readr.o)
 .data          0x0000000004b8e710        0x0 c:/intelfpga/18.1/nios2eds/bin/gnu/h-x86_64-mingw32/bin/../lib/gcc/nios2-elf/5.3.0/../../../../../H-x86_64-mingw32/nios2-elf/lib\libc.a(lib_a-reallocr.o)
 .data          0x0000000004b8e710        0x0 c:/intelfpga/18.1/nios2eds/bin/gnu/h-x86_64-mingw32/bin/../lib/gcc/nios2-elf/5.3.0/../../../../../H-x86_64-mingw32/nios2-elf/lib\libc.a(lib_a-wbuf.o)
 .data          0x0000000004b8e710        0x0 c:/intelfpga/18.1/nios2eds/bin/gnu/h-x86_64-mingw32/bin/../lib/gcc/nios2-elf/5.3.0/../../../../../H-x86_64-mingw32/nios2-elf/lib\libc.a(lib_a-wcrtomb.o)
 .data          0x0000000004b8e710        0x0 c:/intelfpga/18.1/nios2eds/bin/gnu/h-x86_64-mingw32/bin/../lib/gcc/nios2-elf/5.3.0/../../../../../H-x86_64-mingw32/nios2-elf/lib\libc.a(lib_a-wctomb_r.o)
 .data          0x0000000004b8e710        0x0 c:/intelfpga/18.1/nios2eds/bin/gnu/h-x86_64-mingw32/bin/../lib/gcc/nios2-elf/5.3.0\libgcc.a(_udivdi3.o)
 .data          0x0000000004b8e710        0x0 c:/intelfpga/18.1/nios2eds/bin/gnu/h-x86_64-mingw32/bin/../lib/gcc/nios2-elf/5.3.0\libgcc.a(_umoddi3.o)
 .data          0x0000000004b8e710        0x0 c:/intelfpga/18.1/nios2eds/bin/gnu/h-x86_64-mingw32/bin/../lib/gcc/nios2-elf/5.3.0\libgcc.a(adddf3.o)
 .data          0x0000000004b8e710        0x0 c:/intelfpga/18.1/nios2eds/bin/gnu/h-x86_64-mingw32/bin/../lib/gcc/nios2-elf/5.3.0\libgcc.a(divdf3.o)
 .data          0x0000000004b8e710        0x0 c:/intelfpga/18.1/nios2eds/bin/gnu/h-x86_64-mingw32/bin/../lib/gcc/nios2-elf/5.3.0\libgcc.a(eqdf2.o)
 .data          0x0000000004b8e710        0x0 c:/intelfpga/18.1/nios2eds/bin/gnu/h-x86_64-mingw32/bin/../lib/gcc/nios2-elf/5.3.0\libgcc.a(gedf2.o)
 .data          0x0000000004b8e710        0x0 c:/intelfpga/18.1/nios2eds/bin/gnu/h-x86_64-mingw32/bin/../lib/gcc/nios2-elf/5.3.0\libgcc.a(ledf2.o)
 .data          0x0000000004b8e710        0x0 c:/intelfpga/18.1/nios2eds/bin/gnu/h-x86_64-mingw32/bin/../lib/gcc/nios2-elf/5.3.0\libgcc.a(muldf3.o)
 .data          0x0000000004b8e710        0x0 c:/intelfpga/18.1/nios2eds/bin/gnu/h-x86_64-mingw32/bin/../lib/gcc/nios2-elf/5.3.0\libgcc.a(subdf3.o)
 .data          0x0000000004b8e710        0x0 c:/intelfpga/18.1/nios2eds/bin/gnu/h-x86_64-mingw32/bin/../lib/gcc/nios2-elf/5.3.0\libgcc.a(fixdfsi.o)
 .data          0x0000000004b8e710        0x0 c:/intelfpga/18.1/nios2eds/bin/gnu/h-x86_64-mingw32/bin/../lib/gcc/nios2-elf/5.3.0\libgcc.a(floatsidf.o)
 .data          0x0000000004b8e710        0x0 c:/intelfpga/18.1/nios2eds/bin/gnu/h-x86_64-mingw32/bin/../lib/gcc/nios2-elf/5.3.0\libgcc.a(floatunsidf.o)
 .data          0x0000000004b8e710        0x0 c:/intelfpga/18.1/nios2eds/bin/gnu/h-x86_64-mingw32/bin/../lib/gcc/nios2-elf/5.3.0\libgcc.a(_clz.o)
 .data          0x0000000004b8e710        0x0 c:/intelfpga/18.1/nios2eds/bin/gnu/h-x86_64-mingw32/bin/../lib/gcc/nios2-elf/5.3.0\libgcc.a(_clzsi2.o)
 .data          0x0000000004b8e710        0x0 ../os_bsp/\libucosii_bsp.a(alt_close.o)
 .data          0x0000000004b8e710        0x0 ../os_bsp/\libucosii_bsp.a(alt_dcache_flush_all.o)
 .data          0x0000000004b8e710      0x1a8 ../os_bsp/\libucosii_bsp.a(alt_dev.o)
                0x0000000004b8e710                alt_fd_list
                0x0000000004b8e890                alt_dev_null
 .data          0x0000000004b8e8b8        0x0 ../os_bsp/\libucosii_bsp.a(alt_errno.o)
 .data          0x0000000004b8e8b8        0x0 ../os_bsp/\libucosii_bsp.a(alt_fstat.o)
 .data          0x0000000004b8e8b8        0x0 ../os_bsp/\libucosii_bsp.a(alt_iic.o)
 .data          0x0000000004b8e8b8        0x0 ../os_bsp/\libucosii_bsp.a(alt_iic_isr_register.o)
 .data          0x0000000004b8e8b8        0x0 ../os_bsp/\libucosii_bsp.a(alt_irq_entry.o)
 .data          0x0000000004b8e8b8        0x0 ../os_bsp/\libucosii_bsp.a(alt_irq_handler.o)
 .data          0x0000000004b8e8b8        0x0 ../os_bsp/\libucosii_bsp.a(alt_irq_vars.o)
 .data          0x0000000004b8e8b8        0x0 ../os_bsp/\libucosii_bsp.a(alt_isatty.o)
 .data          0x0000000004b8e8b8        0x0 ../os_bsp/\libucosii_bsp.a(alt_load.o)
 .data          0x0000000004b8e8b8        0x0 ../os_bsp/\libucosii_bsp.a(alt_lseek.o)
 .data          0x0000000004b8e8b8        0x0 ../os_bsp/\libucosii_bsp.a(alt_main.o)
 .data          0x0000000004b8e8b8        0x0 ../os_bsp/\libucosii_bsp.a(alt_read.o)
 .data          0x0000000004b8e8b8        0x0 ../os_bsp/\libucosii_bsp.a(alt_release_fd.o)
 .data          0x0000000004b8e8b8        0x0 ../os_bsp/\libucosii_bsp.a(alt_sbrk.o)
 .data          0x0000000004b8e8b8        0x0 ../os_bsp/\libucosii_bsp.a(alt_tick.o)
 .data          0x0000000004b8e8b8        0x0 ../os_bsp/\libucosii_bsp.a(alt_write.o)
 .data          0x0000000004b8e8b8        0x0 ../os_bsp/\libucosii_bsp.a(alt_env_lock.o)
 .data          0x0000000004b8e8b8        0x0 ../os_bsp/\libucosii_bsp.a(alt_malloc_lock.o)
 .data          0x0000000004b8e8b8        0x0 ../os_bsp/\libucosii_bsp.a(os_core.o)
 .data          0x0000000004b8e8b8        0x0 ../os_bsp/\libucosii_bsp.a(os_dbg.o)
 .data          0x0000000004b8e8b8        0x0 ../os_bsp/\libucosii_bsp.a(os_flag.o)
 .data          0x0000000004b8e8b8        0x0 ../os_bsp/\libucosii_bsp.a(os_mem.o)
 .data          0x0000000004b8e8b8        0x0 ../os_bsp/\libucosii_bsp.a(os_q.o)
 .data          0x0000000004b8e8b8        0x0 ../os_bsp/\libucosii_bsp.a(os_sem.o)
 .data          0x0000000004b8e8b8        0x0 ../os_bsp/\libucosii_bsp.a(os_task.o)
 .data          0x0000000004b8e8b8        0x0 ../os_bsp/\libucosii_bsp.a(os_time.o)
 .data          0x0000000004b8e8b8     0x106c ../os_bsp/\libucosii_bsp.a(alt_sys_init.o)
 .data          0x0000000004b8f924        0x0 ../os_bsp/\libucosii_bsp.a(altera_avalon_jtag_uart_fd.o)
 .data          0x0000000004b8f924        0x0 ../os_bsp/\libucosii_bsp.a(altera_avalon_jtag_uart_init.o)
 .data          0x0000000004b8f924        0x0 ../os_bsp/\libucosii_bsp.a(altera_avalon_jtag_uart_ioctl.o)
 .data          0x0000000004b8f924        0x0 ../os_bsp/\libucosii_bsp.a(altera_avalon_jtag_uart_read.o)
 .data          0x0000000004b8f924        0x0 ../os_bsp/\libucosii_bsp.a(altera_avalon_jtag_uart_write.o)
 .data          0x0000000004b8f924        0x0 ../os_bsp/\libucosii_bsp.a(altera_avalon_timer_sc.o)
 .data          0x0000000004b8f924        0x0 ../os_bsp/\libucosii_bsp.a(alt_alarm_start.o)
 .data          0x0000000004b8f924        0x0 ../os_bsp/\libucosii_bsp.a(alt_dev_llist_insert.o)
 .data          0x0000000004b8f924        0x0 ../os_bsp/\libucosii_bsp.a(alt_do_ctors.o)
 .data          0x0000000004b8f924        0x0 ../os_bsp/\libucosii_bsp.a(alt_do_dtors.o)
 .data          0x0000000004b8f924        0x0 ../os_bsp/\libucosii_bsp.a(alt_exception_entry.o)